Archive member included to satisfy reference by file (symbol)

c:/program files (x86)/gnu tools arm embedded/5.4 2016q2/bin/../lib/gcc/arm-none-eabi/5.4.1/../../../../arm-none-eabi/lib/armv7e-m/fpu\libm.a(lib_a-sf_cos.o)
                              ./src/stm32f4xx_it.o (cosf)
c:/program files (x86)/gnu tools arm embedded/5.4 2016q2/bin/../lib/gcc/arm-none-eabi/5.4.1/../../../../arm-none-eabi/lib/armv7e-m/fpu\libm.a(lib_a-sf_fabs.o)
                              ./src/stm32f4xx_it.o (fabsf)
c:/program files (x86)/gnu tools arm embedded/5.4 2016q2/bin/../lib/gcc/arm-none-eabi/5.4.1/../../../../arm-none-eabi/lib/armv7e-m/fpu\libm.a(lib_a-ef_rem_pio2.o)
                              c:/program files (x86)/gnu tools arm embedded/5.4 2016q2/bin/../lib/gcc/arm-none-eabi/5.4.1/../../../../arm-none-eabi/lib/armv7e-m/fpu\libm.a(lib_a-sf_cos.o) (__ieee754_rem_pio2f)
c:/program files (x86)/gnu tools arm embedded/5.4 2016q2/bin/../lib/gcc/arm-none-eabi/5.4.1/../../../../arm-none-eabi/lib/armv7e-m/fpu\libm.a(lib_a-kf_cos.o)
                              c:/program files (x86)/gnu tools arm embedded/5.4 2016q2/bin/../lib/gcc/arm-none-eabi/5.4.1/../../../../arm-none-eabi/lib/armv7e-m/fpu\libm.a(lib_a-sf_cos.o) (__kernel_cosf)
c:/program files (x86)/gnu tools arm embedded/5.4 2016q2/bin/../lib/gcc/arm-none-eabi/5.4.1/../../../../arm-none-eabi/lib/armv7e-m/fpu\libm.a(lib_a-kf_rem_pio2.o)
                              c:/program files (x86)/gnu tools arm embedded/5.4 2016q2/bin/../lib/gcc/arm-none-eabi/5.4.1/../../../../arm-none-eabi/lib/armv7e-m/fpu\libm.a(lib_a-ef_rem_pio2.o) (__kernel_rem_pio2f)
c:/program files (x86)/gnu tools arm embedded/5.4 2016q2/bin/../lib/gcc/arm-none-eabi/5.4.1/../../../../arm-none-eabi/lib/armv7e-m/fpu\libm.a(lib_a-kf_sin.o)
                              c:/program files (x86)/gnu tools arm embedded/5.4 2016q2/bin/../lib/gcc/arm-none-eabi/5.4.1/../../../../arm-none-eabi/lib/armv7e-m/fpu\libm.a(lib_a-sf_cos.o) (__kernel_sinf)
c:/program files (x86)/gnu tools arm embedded/5.4 2016q2/bin/../lib/gcc/arm-none-eabi/5.4.1/../../../../arm-none-eabi/lib/armv7e-m/fpu\libm.a(lib_a-sf_floor.o)
                              c:/program files (x86)/gnu tools arm embedded/5.4 2016q2/bin/../lib/gcc/arm-none-eabi/5.4.1/../../../../arm-none-eabi/lib/armv7e-m/fpu\libm.a(lib_a-kf_rem_pio2.o) (floorf)
c:/program files (x86)/gnu tools arm embedded/5.4 2016q2/bin/../lib/gcc/arm-none-eabi/5.4.1/../../../../arm-none-eabi/lib/armv7e-m/fpu\libm.a(lib_a-sf_scalbn.o)
                              c:/program files (x86)/gnu tools arm embedded/5.4 2016q2/bin/../lib/gcc/arm-none-eabi/5.4.1/../../../../arm-none-eabi/lib/armv7e-m/fpu\libm.a(lib_a-kf_rem_pio2.o) (scalbnf)
c:/program files (x86)/gnu tools arm embedded/5.4 2016q2/bin/../lib/gcc/arm-none-eabi/5.4.1/../../../../arm-none-eabi/lib/armv7e-m/fpu\libm.a(lib_a-sf_copysign.o)
                              c:/program files (x86)/gnu tools arm embedded/5.4 2016q2/bin/../lib/gcc/arm-none-eabi/5.4.1/../../../../arm-none-eabi/lib/armv7e-m/fpu\libm.a(lib_a-sf_scalbn.o) (copysignf)
c:/program files (x86)/gnu tools arm embedded/5.4 2016q2/bin/../lib/gcc/arm-none-eabi/5.4.1/armv7e-m/fpu\libgcc.a(_arm_addsubdf3.o)
                              ./src/MATLAB.o (__aeabi_dsub)
c:/program files (x86)/gnu tools arm embedded/5.4 2016q2/bin/../lib/gcc/arm-none-eabi/5.4.1/armv7e-m/fpu\libgcc.a(_arm_muldivdf3.o)
                              ./src/MATLAB.o (__aeabi_dmul)
c:/program files (x86)/gnu tools arm embedded/5.4 2016q2/bin/../lib/gcc/arm-none-eabi/5.4.1/armv7e-m/fpu\libgcc.a(_arm_fixunsdfsi.o)
                              ./src/stm32f4xx_it.o (__aeabi_d2uiz)
c:/program files (x86)/gnu tools arm embedded/5.4 2016q2/bin/../lib/gcc/arm-none-eabi/5.4.1/armv7e-m/fpu\libgcc.a(_arm_truncdfsf2.o)
                              ./src/MATLAB.o (__aeabi_d2f)
c:/program files (x86)/gnu tools arm embedded/5.4 2016q2/bin/../lib/gcc/arm-none-eabi/5.4.1/../../../../arm-none-eabi/lib/armv7e-m/fpu\libg_nano.a(lib_a-errno.o)
                              ./system/src/newlib/_sbrk.o (__errno)
c:/program files (x86)/gnu tools arm embedded/5.4 2016q2/bin/../lib/gcc/arm-none-eabi/5.4.1/../../../../arm-none-eabi/lib/armv7e-m/fpu\libg_nano.a(lib_a-impure.o)
                              c:/program files (x86)/gnu tools arm embedded/5.4 2016q2/bin/../lib/gcc/arm-none-eabi/5.4.1/../../../../arm-none-eabi/lib/armv7e-m/fpu\libg_nano.a(lib_a-errno.o) (_impure_ptr)
c:/program files (x86)/gnu tools arm embedded/5.4 2016q2/bin/../lib/gcc/arm-none-eabi/5.4.1/../../../../arm-none-eabi/lib/armv7e-m/fpu\libg_nano.a(lib_a-strlen.o)
                              ./system/src/diag/Trace.o (strlen)
c:/program files (x86)/gnu tools arm embedded/5.4 2016q2/bin/../lib/gcc/arm-none-eabi/5.4.1/../../../../arm-none-eabi/lib/armv7e-m/fpu\libg_nano.a(lib_a-vsnprintf.o)
                              ./system/src/diag/Trace.o (vsnprintf)
[...]
Memory Configuration

Name             Origin             Length             Attributes
RAM              0x20000000         0x00020000         xrw
CCMRAM           0x10000000         0x00010000         xrw
FLASH            0x08000000         0x00100000         xr
FLASHB1          0x00000000         0x00000000         xr
EXTMEMB0         0x00000000         0x00000000         xr
EXTMEMB1         0x00000000         0x00000000         xr
EXTMEMB2         0x00000000         0x00000000         xr
EXTMEMB3         0x00000000         0x00000000         xr
MEMORY_ARRAY     0x20002000         0x00000020         xrw
*default*        0x00000000         0xffffffff

Linker script and memory map

LOAD ./system/src/stm32f4-hal/stm32f4xx_hal.o
LOAD ./system/src/stm32f4-hal/stm32f4xx_hal_adc.o
LOAD ./system/src/stm32f4-hal/stm32f4xx_hal_adc_ex.o
LOAD ./system/src/stm32f4-hal/stm32f4xx_hal_cortex.o
LOAD ./system/src/stm32f4-hal/stm32f4xx_hal_dac.o
LOAD ./system/src/stm32f4-hal/stm32f4xx_hal_dac_ex.o
LOAD ./system/src/stm32f4-hal/stm32f4xx_hal_dma.o
LOAD ./system/src/stm32f4-hal/stm32f4xx_hal_dma_ex.o
LOAD ./system/src/stm32f4-hal/stm32f4xx_hal_flash.o
LOAD ./system/src/stm32f4-hal/stm32f4xx_hal_gpio.o
LOAD ./system/src/stm32f4-hal/stm32f4xx_hal_iwdg.o
LOAD ./system/src/stm32f4-hal/stm32f4xx_hal_pwr.o
LOAD ./system/src/stm32f4-hal/stm32f4xx_hal_rcc.o
LOAD ./system/src/stm32f4-hal/stm32f4xx_hal_rcc_ex.o
LOAD ./system/src/stm32f4-hal/stm32f4xx_hal_spi.o
LOAD ./system/src/stm32f4-hal/stm32f4xx_hal_tim.o
LOAD ./system/src/stm32f4-hal/stm32f4xx_hal_tim_ex.o
LOAD ./system/src/stm32f4-hal/stm32f4xx_hal_timebase_tim_template.o
LOAD ./system/src/newlib/_cxx.o
LOAD ./system/src/newlib/_exit.o
LOAD ./system/src/newlib/_sbrk.o
LOAD ./system/src/newlib/_startup.o
LOAD ./system/src/newlib/_syscalls.o
LOAD ./system/src/newlib/assert.o
LOAD ./system/src/diag/Trace.o
LOAD ./system/src/diag/trace_impl.o
LOAD ./system/src/cortexm/_initialize_hardware.o
LOAD ./system/src/cortexm/_reset_hardware.o
LOAD ./system/src/cortexm/exception_handlers.o
LOAD ./system/src/cmsis/system_stm32f4xx.o
LOAD ./system/src/cmsis/vectors_stm32f405xx.o
LOAD ./src/MATLAB.o
LOAD ./src/_initialize_hardware.o
LOAD ./src/_write.o
LOAD ./src/main.o
LOAD ./src/stm32f4xx_hal_msp.o
LOAD ./src/stm32f4xx_it.o
LOAD c:/program files (x86)/gnu tools arm embedded/5.4 2016q2/bin/../lib/gcc/arm-none-eabi/5.4.1/../../../../arm-none-eabi/lib/armv7e-m/fpu\libstdc++_nano.a
LOAD c:/program files (x86)/gnu tools arm embedded/5.4 2016q2/bin/../lib/gcc/arm-none-eabi/5.4.1/../../../../arm-none-eabi/lib/armv7e-m/fpu\libm.a
START GROUP
LOAD c:/program files (x86)/gnu tools arm embedded/5.4 2016q2/bin/../lib/gcc/arm-none-eabi/5.4.1/armv7e-m/fpu\libgcc.a
LOAD c:/program files (x86)/gnu tools arm embedded/5.4 2016q2/bin/../lib/gcc/arm-none-eabi/5.4.1/../../../../arm-none-eabi/lib/armv7e-m/fpu\libg_nano.a
LOAD c:/program files (x86)/gnu tools arm embedded/5.4 2016q2/bin/../lib/gcc/arm-none-eabi/5.4.1/../../../../arm-none-eabi/lib/armv7e-m/fpu\libc_nano.a
END GROUP
START GROUP
LOAD c:/program files (x86)/gnu tools arm embedded/5.4 2016q2/bin/../lib/gcc/arm-none-eabi/5.4.1/armv7e-m/fpu\libgcc.a
LOAD c:/program files (x86)/gnu tools arm embedded/5.4 2016q2/bin/../lib/gcc/arm-none-eabi/5.4.1/../../../../arm-none-eabi/lib/armv7e-m/fpu\libc_nano.a
END GROUP
                0x20020000                __stack = (ORIGIN (RAM) + LENGTH (RAM))
                0x20020000                _estack = __stack
                0x00000400                __Main_Stack_Size = 0x400
                [!provide]                PROVIDE (_Main_Stack_Size, __Main_Stack_Size)
                0x2001fc00                __Main_Stack_Limit = (__stack - __Main_Stack_Size)
                [!provide]                PROVIDE (_Main_Stack_Limit, __Main_Stack_Limit)
                0x00000100                _Minimum_Stack_Size = 0x100
                0x200004d0                PROVIDE (_Heap_Begin, _end_noinit)
                0x2001fc00                PROVIDE (_Heap_Limit, (__stack - __Main_Stack_Size))

.isr_vector     0x08000000      0x3ec
 FILL mask 0xff
                0x08000000                __vectors_start = ABSOLUTE (.)
                0x08000000                __vectors_start__ = ABSOLUTE (.)
 *(.isr_vector)
 .isr_vector    0x08000000      0x188 ./system/src/cmsis/vectors_stm32f405xx.o
                0x08000000                __isr_vectors
 *(.cfmconfig)
 *(.after_vectors .after_vectors.*)
 .after_vectors
                0x08000188      0x130 ./system/src/newlib/_startup.o
                0x08000188                _start
 .after_vectors
                0x080002b8      0x130 ./system/src/cortexm/exception_handlers.o
                0x080002b8                Reset_Handler
                0x080002c4                HardFault_Handler
                0x080002d8                HardFault_Handler_C
                0x08000350                BusFault_Handler_C
                0x08000398                UsageFault_Handler_C
                0x080003cc                SVC_Handler
                0x080003d4                PendSV_Handler
 .after_vectors
                0x080003e8        0x4 ./system/src/cmsis/vectors_stm32f405xx.o
                0x080003e8                RTC_Alarm_IRQHandler
                0x080003e8                HASH_RNG_IRQHandler
                0x080003e8                EXTI2_IRQHandler
                0x080003e8                TIM1_CC_IRQHandler
                0x080003e8                DMA2_Stream5_IRQHandler
                0x080003e8                SDIO_IRQHandler
                0x080003e8                TAMP_STAMP_IRQHandler
                0x080003e8                CAN2_RX1_IRQHandler
                0x080003e8                EXTI3_IRQHandler
                0x080003e8                TIM8_TRG_COM_TIM14_IRQHandler
                0x080003e8                TIM8_UP_TIM13_IRQHandler
                0x080003e8                I2C3_ER_IRQHandler
                0x080003e8                EXTI0_IRQHandler
                0x080003e8                I2C2_EV_IRQHandler
                0x080003e8                DMA1_Stream2_IRQHandler
                0x080003e8                CAN1_RX0_IRQHandler
                0x080003e8                FPU_IRQHandler
                0x080003e8                OTG_HS_WKUP_IRQHandler
                0x080003e8                CAN2_SCE_IRQHandler
                0x080003e8                DMA2_Stream2_IRQHandler
                0x080003e8                SPI1_IRQHandler
                0x080003e8                TIM1_BRK_TIM9_IRQHandler
                0x080003e8                CAN2_RX0_IRQHandler
                0x080003e8                DMA2_Stream3_IRQHandler
                0x080003e8                USART6_IRQHandler
                0x080003e8                USART3_IRQHandler
                0x080003e8                CAN1_RX1_IRQHandler
                0x080003e8                UART5_IRQHandler
                0x080003e8                TIM4_IRQHandler
                0x080003e8                I2C1_EV_IRQHandler
                0x080003e8                DMA1_Stream6_IRQHandler
                0x080003e8                DMA1_Stream1_IRQHandler
                0x080003e8                UART4_IRQHandler
                0x080003e8                TIM3_IRQHandler
                0x080003e8                TIM8_BRK_TIM12_IRQHandler
                0x080003e8                Default_Handler
                0x080003e8                EXTI15_10_IRQHandler
                0x080003e8                DMA1_Stream7_IRQHandler
                0x080003e8                TIM7_IRQHandler
                0x080003e8                CAN2_TX_IRQHandler
                0x080003e8                TIM5_IRQHandler
                0x080003e8                DMA2_Stream7_IRQHandler
                0x080003e8                I2C3_EV_IRQHandler
                0x080003e8                EXTI9_5_IRQHandler
                0x080003e8                RTC_WKUP_IRQHandler
                0x080003e8                OTG_HS_EP1_IN_IRQHandler
                0x080003e8                DMA1_Stream0_IRQHandler
                0x080003e8                CAN1_TX_IRQHandler
                0x080003e8                EXTI4_IRQHandler
                0x080003e8                OTG_HS_EP1_OUT_IRQHandler
                0x080003e8                WWDG_IRQHandler
                0x080003e8                TIM2_IRQHandler
                0x080003e8                OTG_FS_WKUP_IRQHandler
                0x080003e8                TIM1_TRG_COM_TIM11_IRQHandler
                0x080003e8                OTG_HS_IRQHandler
                0x080003e8                EXTI1_IRQHandler
                0x080003e8                USART2_IRQHandler
                0x080003e8                I2C2_ER_IRQHandler
                0x080003e8                DMA2_Stream1_IRQHandler
                0x080003e8                CAN1_SCE_IRQHandler
                0x080003e8                FLASH_IRQHandler
                0x080003e8                DMA2_Stream4_IRQHandler
                0x080003e8                USART1_IRQHandler
                0x080003e8                OTG_FS_IRQHandler
                0x080003e8                SPI3_IRQHandler
                0x080003e8                DMA1_Stream4_IRQHandler
                0x080003e8                I2C1_ER_IRQHandler
                0x080003e8                FMC_IRQHandler
                0x080003e8                DMA2_Stream6_IRQHandler
                0x080003e8                DMA1_Stream3_IRQHandler

.inits          0x080003ec       0x28
                0x080003ec                __data_regions_array_start = .
                0x080003ec        0x4 LONG 0x8006df4 LOADADDR (.data)
                0x080003f0        0x4 LONG 0x20000000 ADDR (.data)
                0x080003f4        0x4 LONG 0x20000084 (ADDR (.data) + SIZEOF (.data))
                0x080003f8        0x4 LONG 0x8006df4 LOADADDR (.data_CCMRAM)
                0x080003fc        0x4 LONG 0x10000000 ADDR (.data_CCMRAM)
                0x08000400        0x4 LONG 0x10000000 (ADDR (.data_CCMRAM) + SIZEOF (.data_CCMRAM))
                0x08000404                __data_regions_array_end = .
                0x08000404                __bss_regions_array_start = .
                0x08000404        0x4 LONG 0x20000084 ADDR (.bss)
                0x08000408        0x4 LONG 0x200004d0 (ADDR (.bss) + SIZEOF (.bss))
                0x0800040c        0x4 LONG 0x10000000 ADDR (.bss_CCMRAM)
                0x08000410        0x4 LONG 0x10000000 (ADDR (.bss_CCMRAM) + SIZEOF (.bss_CCMRAM))
                0x08000414                __bss_regions_array_end = .
 *(.init)
 *(.fini)
                0x08000414                . = ALIGN (0x4)
                0x08000414                PROVIDE (__preinit_array_start, .)
 *(.preinit_array_sysinit .preinit_array_sysinit.*)
 *(.preinit_array_platform .preinit_array_platform.*)
 *(.preinit_array .preinit_array.*)
                0x08000414                PROVIDE (__preinit_array_end, .)
                0x08000414                . = ALIGN (0x4)
                0x08000414                PROVIDE (__init_array_start, .)
 *(SORT(.init_array.*))
 *(.init_array)
                0x08000414                PROVIDE (__init_array_end, .)
                0x08000414                . = ALIGN (0x4)
                0x08000414                PROVIDE (__fini_array_start, .)
 *(SORT(.fini_array.*))
 *(.fini_array)
                0x08000414                PROVIDE (__fini_array_end, .)

.flashtext
 *(.flashtext .flashtext.*)

.text           0x08000420     0x69d1
 *(.text .text.*)
 .text.HAL_Init
                0x08000420       0x34 ./system/src/stm32f4-hal/stm32f4xx_hal.o
                0x08000420                HAL_Init
 .text.HAL_IncTick
                0x08000454       0x10 ./system/src/stm32f4-hal/stm32f4xx_hal.o
                0x08000454                HAL_IncTick
 .text.HAL_GetTick
                0x08000464        0xc ./system/src/stm32f4-hal/stm32f4xx_hal.o
                0x08000464                HAL_GetTick
 .text.ADC_Init
                0x08000470      0x154 ./system/src/stm32f4-hal/stm32f4xx_hal_adc.o
 .text.HAL_ADC_Init
                0x080005c4      0x1d4 ./system/src/stm32f4-hal/stm32f4xx_hal_adc.o
                0x080005c4                HAL_ADC_Init
 .text.HAL_ADC_Start_DMA
                0x08000798      0x178 ./system/src/stm32f4-hal/stm32f4xx_hal_adc.o
                0x08000798                HAL_ADC_Start_DMA
 .text.HAL_ADC_ConvCpltCallback
                0x08000910        0x4 ./system/src/stm32f4-hal/stm32f4xx_hal_adc.o
                0x08000910                HAL_ADC_ConvCpltCallback
 .text.ADC_DMAConvCplt
                0x08000914       0x64 ./system/src/stm32f4-hal/stm32f4xx_hal_adc.o
 .text.HAL_ADC_ConvHalfCpltCallback
                0x08000978        0x4 ./system/src/stm32f4-hal/stm32f4xx_hal_adc.o
                0x08000978                HAL_ADC_ConvHalfCpltCallback
 .text.ADC_DMAHalfConvCplt
                0x0800097c        0xc ./system/src/stm32f4-hal/stm32f4xx_hal_adc.o
 .text.HAL_ADC_LevelOutOfWindowCallback
                0x08000988        0x4 ./system/src/stm32f4-hal/stm32f4xx_hal_adc.o
                0x08000988                HAL_ADC_LevelOutOfWindowCallback
 .text.HAL_ADC_ErrorCallback
                0x0800098c        0x4 ./system/src/stm32f4-hal/stm32f4xx_hal_adc.o
                0x0800098c                HAL_ADC_ErrorCallback
 .text.HAL_ADC_IRQHandler
                0x08000990      0x180 ./system/src/stm32f4-hal/stm32f4xx_hal_adc.o
                0x08000990                HAL_ADC_IRQHandler
 .text.ADC_DMAError
                0x08000b10       0x18 ./system/src/stm32f4-hal/stm32f4xx_hal_adc.o
 .text.HAL_ADC_ConfigChannel
                0x08000b28      0x1c0 ./system/src/stm32f4-hal/stm32f4xx_hal_adc.o
                0x08000b28                HAL_ADC_ConfigChannel
 .text.HAL_ADCEx_InjectedConvCpltCallback
                0x08000ce8        0x4 ./system/src/stm32f4-hal/stm32f4xx_hal_adc_ex.o
                0x08000ce8                HAL_ADCEx_InjectedConvCpltCallback
 .text.HAL_NVIC_SetPriorityGrouping
                0x08000cec       0x3c ./system/src/stm32f4-hal/stm32f4xx_hal_cortex.o
                0x08000cec                HAL_NVIC_SetPriorityGrouping
 .text.HAL_NVIC_SetPriority
                0x08000d28       0x84 ./system/src/stm32f4-hal/stm32f4xx_hal_cortex.o
                0x08000d28                HAL_NVIC_SetPriority
 .text.HAL_NVIC_EnableIRQ
                0x08000dac       0x2c ./system/src/stm32f4-hal/stm32f4xx_hal_cortex.o
                0x08000dac                HAL_NVIC_EnableIRQ
 .text.HAL_SYSTICK_Config
                0x08000dd8       0x2c ./system/src/stm32f4-hal/stm32f4xx_hal_cortex.o
                0x08000dd8                HAL_SYSTICK_Config
 .text.HAL_SYSTICK_CLKSourceConfig
                0x08000e04       0x38 ./system/src/stm32f4-hal/stm32f4xx_hal_cortex.o
                0x08000e04                HAL_SYSTICK_CLKSourceConfig
 .text.HAL_SYSTICK_Callback
                0x08000e3c        0x4 ./system/src/stm32f4-hal/stm32f4xx_hal_cortex.o
                0x08000e3c                HAL_SYSTICK_Callback
 .text.HAL_SYSTICK_IRQHandler
                0x08000e40        0x8 ./system/src/stm32f4-hal/stm32f4xx_hal_cortex.o
                0x08000e40                HAL_SYSTICK_IRQHandler
 .text.HAL_DAC_Init
                0x08000e48       0x44 ./system/src/stm32f4-hal/stm32f4xx_hal_dac.o
                0x08000e48                HAL_DAC_Init
 .text.HAL_DAC_Start
                0x08000e8c       0x80 ./system/src/stm32f4-hal/stm32f4xx_hal_dac.o
                0x08000e8c                HAL_DAC_Start
 .text.HAL_DAC_ConfigChannel
                0x08000f0c       0xa0 ./system/src/stm32f4-hal/stm32f4xx_hal_dac.o
                0x08000f0c                HAL_DAC_ConfigChannel
 .text.HAL_DAC_SetValue
                0x08000fac       0x6c ./system/src/stm32f4-hal/stm32f4xx_hal_dac.o
                0x08000fac                HAL_DAC_SetValue
 .text.HAL_DACEx_NoiseWaveGenerate
                0x08001018       0xe0 ./system/src/stm32f4-hal/stm32f4xx_hal_dac_ex.o
                0x08001018                HAL_DACEx_NoiseWaveGenerate
 .text.DMA_SetConfig
                0x080010f8       0x2c ./system/src/stm32f4-hal/stm32f4xx_hal_dma.o
 .text.DMA_CalcBaseAndBitshift
                0x08001124       0x3c ./system/src/stm32f4-hal/stm32f4xx_hal_dma.o
 .text.HAL_DMA_Init
                0x08001160      0x220 ./system/src/stm32f4-hal/stm32f4xx_hal_dma.o
                0x08001160                HAL_DMA_Init
 .text.HAL_DMA_Start_IT
                0x08001380       0x74 ./system/src/stm32f4-hal/stm32f4xx_hal_dma.o
                0x08001380                HAL_DMA_Start_IT
 .text.HAL_DMA_IRQHandler
                0x080013f4      0x1b4 ./system/src/stm32f4-hal/stm32f4xx_hal_dma.o
                0x080013f4                HAL_DMA_IRQHandler
 .text.HAL_GPIO_Init
                0x080015a8      0x324 ./system/src/stm32f4-hal/stm32f4xx_hal_gpio.o
                0x080015a8                HAL_GPIO_Init
 .text.HAL_GPIO_WritePin
                0x080018cc       0x34 ./system/src/stm32f4-hal/stm32f4xx_hal_gpio.o
                0x080018cc                HAL_GPIO_WritePin
 .text.HAL_PWR_PVDCallback
                0x08001900        0x4 ./system/src/stm32f4-hal/stm32f4xx_hal_pwr.o
                0x08001900                HAL_PWR_PVDCallback
 .text.HAL_PWR_PVD_IRQHandler
                0x08001904       0x20 ./system/src/stm32f4-hal/stm32f4xx_hal_pwr.o
                0x08001904                HAL_PWR_PVD_IRQHandler
 .text.HAL_RCC_OscConfig
                0x08001924      0x448 ./system/src/stm32f4-hal/stm32f4xx_hal_rcc.o
                0x08001924                HAL_RCC_OscConfig
 .text.HAL_RCC_ClockConfig
                0x08001d6c      0x22c ./system/src/stm32f4-hal/stm32f4xx_hal_rcc.o
                0x08001d6c                HAL_RCC_ClockConfig
 .text.HAL_RCC_MCOConfig
                0x08001f98      0x110 ./system/src/stm32f4-hal/stm32f4xx_hal_rcc.o
                0x08001f98                HAL_RCC_MCOConfig
 .text.HAL_RCC_GetSysClockFreq
                0x080020a8       0xa4 ./system/src/stm32f4-hal/stm32f4xx_hal_rcc.o
                0x080020a8                HAL_RCC_GetSysClockFreq
 .text.HAL_RCC_GetHCLKFreq
                0x0800214c       0x34 ./system/src/stm32f4-hal/stm32f4xx_hal_rcc.o
                0x0800214c                HAL_RCC_GetHCLKFreq
 .text.HAL_RCC_GetPCLK1Freq
                0x08002180       0x30 ./system/src/stm32f4-hal/stm32f4xx_hal_rcc.o
                0x08002180                HAL_RCC_GetPCLK1Freq
 .text.HAL_RCC_GetClockConfig
                0x080021b0       0x3c ./system/src/stm32f4-hal/stm32f4xx_hal_rcc.o
                0x080021b0                HAL_RCC_GetClockConfig
 .text.HAL_RCC_CSSCallback
                0x080021ec        0x4 ./system/src/stm32f4-hal/stm32f4xx_hal_rcc.o
                0x080021ec                HAL_RCC_CSSCallback
 .text.HAL_RCC_NMI_IRQHandler
                0x080021f0       0x20 ./system/src/stm32f4-hal/stm32f4xx_hal_rcc.o
                0x080021f0                HAL_RCC_NMI_IRQHandler
 .text.SPI_WaitFlagStateUntilTimeout
                0x08002210       0x88 ./system/src/stm32f4-hal/stm32f4xx_hal_spi.o
 .text.SPI_CheckFlag_BSY
                0x08002298       0x28 ./system/src/stm32f4-hal/stm32f4xx_hal_spi.o
 .text.HAL_SPI_Init
                0x080022c0      0x1bc ./system/src/stm32f4-hal/stm32f4xx_hal_spi.o
                0x080022c0                HAL_SPI_Init
 .text.HAL_SPI_TransmitReceive
                0x0800247c      0x25c ./system/src/stm32f4-hal/stm32f4xx_hal_spi.o
                0x0800247c                HAL_SPI_TransmitReceive
 .text.HAL_SPI_ErrorCallback
                0x080026d8        0x4 ./system/src/stm32f4-hal/stm32f4xx_hal_spi.o
                0x080026d8                HAL_SPI_ErrorCallback
 .text.HAL_SPI_IRQHandler
                0x080026dc       0xb4 ./system/src/stm32f4-hal/stm32f4xx_hal_spi.o
                0x080026dc                HAL_SPI_IRQHandler
 .text.TIM_OC1_SetConfig
                0x08002790       0x68 ./system/src/stm32f4-hal/stm32f4xx_hal_tim.o
 .text.TIM_OC3_SetConfig
                0x080027f8       0xb4 ./system/src/stm32f4-hal/stm32f4xx_hal_tim.o
 .text.TIM_OC4_SetConfig
                0x080028ac       0x7c ./system/src/stm32f4-hal/stm32f4xx_hal_tim.o
 .text.HAL_TIM_Base_Start_IT
                0x08002928       0x9c ./system/src/stm32f4-hal/stm32f4xx_hal_tim.o
                0x08002928                HAL_TIM_Base_Start_IT
 .text.HAL_TIM_OC_DelayElapsedCallback
                0x080029c4        0x4 ./system/src/stm32f4-hal/stm32f4xx_hal_tim.o
                0x080029c4                HAL_TIM_OC_DelayElapsedCallback
 .text.HAL_TIM_IC_CaptureCallback
                0x080029c8        0x4 ./system/src/stm32f4-hal/stm32f4xx_hal_tim.o
                0x080029c8                HAL_TIM_IC_CaptureCallback
 .text.HAL_TIM_PWM_PulseFinishedCallback
                0x080029cc        0x4 ./system/src/stm32f4-hal/stm32f4xx_hal_tim.o
                0x080029cc                HAL_TIM_PWM_PulseFinishedCallback
 .text.HAL_TIM_TriggerCallback
                0x080029d0        0x4 ./system/src/stm32f4-hal/stm32f4xx_hal_tim.o
                0x080029d0                HAL_TIM_TriggerCallback
 .text.HAL_TIM_IRQHandler
                0x080029d4      0x174 ./system/src/stm32f4-hal/stm32f4xx_hal_tim.o
                0x080029d4                HAL_TIM_IRQHandler
 .text.TIM_Base_SetConfig
                0x08002b48      0x11c ./system/src/stm32f4-hal/stm32f4xx_hal_tim.o
                0x08002b48                TIM_Base_SetConfig
 .text.HAL_TIM_Base_Init
                0x08002c64       0xec ./system/src/stm32f4-hal/stm32f4xx_hal_tim.o
                0x08002c64                HAL_TIM_Base_Init
 .text.HAL_TIM_PWM_Init
                0x08002d50       0xf4 ./system/src/stm32f4-hal/stm32f4xx_hal_tim.o
                0x08002d50                HAL_TIM_PWM_Init
 .text.TIM_OC2_SetConfig
                0x08002e44       0x90 ./system/src/stm32f4-hal/stm32f4xx_hal_tim.o
                0x08002e44                TIM_OC2_SetConfig
 .text.HAL_TIM_PWM_ConfigChannel
                0x08002ed4      0x274 ./system/src/stm32f4-hal/stm32f4xx_hal_tim.o
                0x08002ed4                HAL_TIM_PWM_ConfigChannel
 .text.TIM_CCxChannelCmd
                0x08003148       0xac ./system/src/stm32f4-hal/stm32f4xx_hal_tim.o
                0x08003148                TIM_CCxChannelCmd
 .text.HAL_TIM_PWM_Start_IT
                0x080031f4      0x124 ./system/src/stm32f4-hal/stm32f4xx_hal_tim.o
                0x080031f4                HAL_TIM_PWM_Start_IT
 .text.TIM_CCxNChannelCmd
                0x08003318       0x74 ./system/src/stm32f4-hal/stm32f4xx_hal_tim_ex.o
 .text.HAL_TIMEx_PWMN_Start
                0x0800338c       0x54 ./system/src/stm32f4-hal/stm32f4xx_hal_tim_ex.o
                0x0800338c                HAL_TIMEx_PWMN_Start
 .text.HAL_TIMEx_MasterConfigSynchronization
                0x080033e0       0xf0 ./system/src/stm32f4-hal/stm32f4xx_hal_tim_ex.o
                0x080033e0                HAL_TIMEx_MasterConfigSynchronization
 .text.HAL_TIMEx_ConfigBreakDeadTime
                0x080034d0      0x11c ./system/src/stm32f4-hal/stm32f4xx_hal_tim_ex.o
                0x080034d0                HAL_TIMEx_ConfigBreakDeadTime
 .text.HAL_TIMEx_CommutationCallback
                0x080035ec        0x4 ./system/src/stm32f4-hal/stm32f4xx_hal_tim_ex.o
                0x080035ec                HAL_TIMEx_CommutationCallback
 .text.HAL_TIMEx_BreakCallback
                0x080035f0        0x4 ./system/src/stm32f4-hal/stm32f4xx_hal_tim_ex.o
                0x080035f0                HAL_TIMEx_BreakCallback
 .text.HAL_InitTick
                0x080035f4       0x88 ./system/src/stm32f4-hal/stm32f4xx_hal_timebase_tim_template.o
                0x080035f4                HAL_InitTick
 .text.HAL_TIM_PeriodElapsedCallback
                0x0800367c        0x8 ./system/src/stm32f4-hal/stm32f4xx_hal_timebase_tim_template.o
                0x0800367c                HAL_TIM_PeriodElapsedCallback
 .text.TIM6_DAC_IRQHandler
                0x08003684       0x10 ./system/src/stm32f4-hal/stm32f4xx_hal_timebase_tim_template.o
                0x08003684                TIM6_DAC_IRQHandler
 .text._exit    0x08003694        0x4 ./system/src/newlib/_exit.o
                0x08003694                _exit
 .text._sbrk    0x08003698       0x44 ./system/src/newlib/_sbrk.o
                0x08003698                _sbrk
 .text.__initialize_args
                0x080036dc       0x10 ./system/src/newlib/_syscalls.o
                0x080036dc                __initialize_args
 .text.trace_printf
                0x080036ec       0x30 ./system/src/diag/Trace.o
                0x080036ec                trace_printf
 .text._trace_write_semihosting_debug
                0x0800371c       0x64 ./system/src/diag/trace_impl.o
 .text.trace_write
                0x08003780        0x8 ./system/src/diag/trace_impl.o
                0x08003780                trace_write
 .text.__initialize_hardware_early
                0x08003788       0x24 ./system/src/cortexm/_initialize_hardware.o
                0x08003788                __initialize_hardware_early
 .text.dumpExceptionStack
                0x080037ac       0xf0 ./system/src/cortexm/exception_handlers.o
                0x080037ac                dumpExceptionStack
 .text.isSemihosting
                0x0800389c       0x20 ./system/src/cortexm/exception_handlers.o
                0x0800389c                isSemihosting
 .text.SystemInit
                0x080038bc       0x4c ./system/src/cmsis/system_stm32f4xx.o
                0x080038bc                SystemInit
 .text.SystemCoreClockUpdate
                0x08003908       0xa0 ./system/src/cmsis/system_stm32f4xx.o
                0x08003908                SystemCoreClockUpdate
 .text.MATLAB_step
                0x080039a8      0x1b8 ./src/MATLAB.o
                0x080039a8                MATLAB_step
 .text.__initialize_hardware
                0x08003b60       0x10 ./src/_initialize_hardware.o
                0x08003b60                __initialize_hardware
 .text.MX_GPIO_Init
                0x08003b70       0x94 ./src/main.o
 .text.MX_DMA_Init
                0x08003c04       0x68 ./src/main.o
 .text.MX_ADC1_Init
                0x08003c6c       0x4c ./src/main.o
 .text.MX_TIM8_Init
                0x08003cb8       0x90 ./src/main.o
 .text.MX_TIM1_Init
                0x08003d48       0xdc ./src/main.o
 .text.MX_SPI2_Init
                0x08003e24       0x40 ./src/main.o
 .text.MX_DAC_Init
                0x08003e64       0x50 ./src/main.o
 .text.SystemClock_Config
                0x08003eb4       0xb0 ./src/main.o
                0x08003eb4                SystemClock_Config
 .text.assert_failed
                0x08003f64        0x4 ./src/main.o
                0x08003f64                assert_failed
 .text.median_filter
                0x08003f68       0x98 ./src/main.o
                0x08003f68                median_filter
 .text.main     0x08004000      0x140 ./src/main.o
                0x08004000                main
 .text.HAL_MspInit
                0x08004140       0x78 ./src/stm32f4xx_hal_msp.o
                0x08004140                HAL_MspInit
 .text.HAL_ADC_MspInit
                0x080041b8       0x94 ./src/stm32f4xx_hal_msp.o
                0x080041b8                HAL_ADC_MspInit
 .text.HAL_DAC_MspInit
                0x0800424c       0xdc ./src/stm32f4xx_hal_msp.o
                0x0800424c                HAL_DAC_MspInit
 .text.HAL_SPI_MspInit
                0x08004328       0x60 ./src/stm32f4xx_hal_msp.o
                0x08004328                HAL_SPI_MspInit
 .text.HAL_TIM_PWM_MspInit
                0x08004388       0x74 ./src/stm32f4xx_hal_msp.o
                0x08004388                HAL_TIM_PWM_MspInit
 .text.HAL_TIM_Base_MspInit
                0x080043fc       0x40 ./src/stm32f4xx_hal_msp.o
                0x080043fc                HAL_TIM_Base_MspInit
 .text.HAL_TIM_MspPostInit
                0x0800443c       0x78 ./src/stm32f4xx_hal_msp.o
                0x0800443c                HAL_TIM_MspPostInit
 .text.NMI_Handler
                0x080044b4        0x8 ./src/stm32f4xx_it.o
                0x080044b4                NMI_Handler
 .text.MemManage_Handler
                0x080044bc        0x4 ./src/stm32f4xx_it.o
                0x080044bc                MemManage_Handler
 .text.BusFault_Handler
                0x080044c0        0x4 ./src/stm32f4xx_it.o
                0x080044c0                BusFault_Handler
 .text.UsageFault_Handler
                0x080044c4        0x4 ./src/stm32f4xx_it.o
                0x080044c4                UsageFault_Handler
 .text.DebugMon_Handler
                0x080044c8        0x4 ./src/stm32f4xx_it.o
                0x080044c8                DebugMon_Handler
 .text.SysTick_Handler
                0x080044cc        0xc ./src/stm32f4xx_it.o
                0x080044cc                SysTick_Handler
 .text.PVD_IRQHandler
                0x080044d8        0x8 ./src/stm32f4xx_it.o
                0x080044d8                PVD_IRQHandler
 .text.RCC_IRQHandler
                0x080044e0        0x4 ./src/stm32f4xx_it.o
                0x080044e0                RCC_IRQHandler
 .text.DMA1_Stream5_IRQHandler
                0x080044e4       0x10 ./src/stm32f4xx_it.o
                0x080044e4                DMA1_Stream5_IRQHandler
 .text.ADC_IRQHandler
                0x080044f4       0x10 ./src/stm32f4xx_it.o
                0x080044f4                ADC_IRQHandler
 *fill*         0x08004504        0x4 
 .text.TIM1_UP_TIM10_IRQHandler
                0x08004508      0x288 ./src/stm32f4xx_it.o
                0x08004508                TIM1_UP_TIM10_IRQHandler
 .text.SPI2_IRQHandler
                0x08004790       0x10 ./src/stm32f4xx_it.o
                0x08004790                SPI2_IRQHandler
 .text.TIM8_CC_IRQHandler
                0x080047a0       0x10 ./src/stm32f4xx_it.o
                0x080047a0                TIM8_CC_IRQHandler
 .text.DMA2_Stream0_IRQHandler
                0x080047b0       0x10 ./src/stm32f4xx_it.o
                0x080047b0                DMA2_Stream0_IRQHandler
 .text.cosf     0x080047c0       0x90 c:/program files (x86)/gnu tools arm embedded/5.4 2016q2/bin/../lib/gcc/arm-none-eabi/5.4.1/../../../../arm-none-eabi/lib/armv7e-m/fpu\libm.a(lib_a-sf_cos.o)
                0x080047c0                cosf
 .text.fabsf    0x08004850       0x10 c:/program files (x86)/gnu tools arm embedded/5.4 2016q2/bin/../lib/gcc/arm-none-eabi/5.4.1/../../../../arm-none-eabi/lib/armv7e-m/fpu\libm.a(lib_a-sf_fabs.o)
                0x08004850                fabsf
 .text.__ieee754_rem_pio2f
                0x08004860      0x298 c:/program files (x86)/gnu tools arm embedded/5.4 2016q2/bin/../lib/gcc/arm-none-eabi/5.4.1/../../../../arm-none-eabi/lib/armv7e-m/fpu\libm.a(lib_a-ef_rem_pio2.o)
                0x08004860                __ieee754_rem_pio2f
 .text.__kernel_cosf
                0x08004af8      0x104 c:/program files (x86)/gnu tools arm embedded/5.4 2016q2/bin/../lib/gcc/arm-none-eabi/5.4.1/../../../../arm-none-eabi/lib/armv7e-m/fpu\libm.a(lib_a-kf_cos.o)
                0x08004af8                __kernel_cosf
 .text.__kernel_rem_pio2f
                0x08004bfc      0x630 c:/program files (x86)/gnu tools arm embedded/5.4 2016q2/bin/../lib/gcc/arm-none-eabi/5.4.1/../../../../arm-none-eabi/lib/armv7e-m/fpu\libm.a(lib_a-kf_rem_pio2.o)
                0x08004bfc                __kernel_rem_pio2f
 .text.__kernel_sinf
                0x0800522c       0x90 c:/program files (x86)/gnu tools arm embedded/5.4 2016q2/bin/../lib/gcc/arm-none-eabi/5.4.1/../../../../arm-none-eabi/lib/armv7e-m/fpu\libm.a(lib_a-kf_sin.o)
                0x0800522c                __kernel_sinf
 .text.floorf   0x080052bc       0x90 c:/program files (x86)/gnu tools arm embedded/5.4 2016q2/bin/../lib/gcc/arm-none-eabi/5.4.1/../../../../arm-none-eabi/lib/armv7e-m/fpu\libm.a(lib_a-sf_floor.o)
                0x080052bc                floorf
 .text.scalbnf  0x0800534c       0xd0 c:/program files (x86)/gnu tools arm embedded/5.4 2016q2/bin/../lib/gcc/arm-none-eabi/5.4.1/../../../../arm-none-eabi/lib/armv7e-m/fpu\libm.a(lib_a-sf_scalbn.o)
                0x0800534c                scalbnf
 .text.copysignf
                0x0800541c       0x18 c:/program files (x86)/gnu tools arm embedded/5.4 2016q2/bin/../lib/gcc/arm-none-eabi/5.4.1/../../../../arm-none-eabi/lib/armv7e-m/fpu\libm.a(lib_a-sf_copysign.o)
                0x0800541c                copysignf
 .text          0x08005434      0x370 c:/program files (x86)/gnu tools arm embedded/5.4 2016q2/bin/../lib/gcc/arm-none-eabi/5.4.1/armv7e-m/fpu\libgcc.a(_arm_addsubdf3.o)
                0x08005434                __aeabi_drsub
                0x0800543c                __aeabi_dsub
                0x0800543c                __subdf3
                0x08005440                __aeabi_dadd
                0x08005440                __adddf3
                0x080056b8                __floatunsidf
                0x080056b8                __aeabi_ui2d
                0x080056d8                __floatsidf
                0x080056d8                __aeabi_i2d
                0x080056fc                __aeabi_f2d
                0x080056fc                __extendsfdf2
                0x08005738                __floatundidf
                0x08005738                __aeabi_ul2d
                0x08005748                __floatdidf
                0x08005748                __aeabi_l2d
 .text          0x080057a4      0x424 c:/program files (x86)/gnu tools arm embedded/5.4 2016q2/bin/../lib/gcc/arm-none-eabi/5.4.1/armv7e-m/fpu\libgcc.a(_arm_muldivdf3.o)
                0x080057a4                __aeabi_dmul
                0x080057a4                __muldf3
                0x080059f8                __divdf3
                0x080059f8                __aeabi_ddiv
 .text          0x08005bc8       0x40 c:/program files (x86)/gnu tools arm embedded/5.4 2016q2/bin/../lib/gcc/arm-none-eabi/5.4.1/armv7e-m/fpu\libgcc.a(_arm_fixunsdfsi.o)
                0x08005bc8                __aeabi_d2uiz
                0x08005bc8                __fixunsdfsi
 .text          0x08005c08       0xa0 c:/program files (x86)/gnu tools arm embedded/5.4 2016q2/bin/../lib/gcc/arm-none-eabi/5.4.1/armv7e-m/fpu\libgcc.a(_arm_truncdfsf2.o)
                0x08005c08                __truncdfsf2
                0x08005c08                __aeabi_d2f
 .text.__errno  0x08005ca8        0xc c:/program files (x86)/gnu tools arm embedded/5.4 2016q2/bin/../lib/gcc/arm-none-eabi/5.4.1/../../../../arm-none-eabi/lib/armv7e-m/fpu\libg_nano.a(lib_a-errno.o)
                0x08005ca8                __errno
 .text._vsnprintf_r
                0x08005cb4       0x56 c:/program files (x86)/gnu tools arm embedded/5.4 2016q2/bin/../lib/gcc/arm-none-eabi/5.4.1/../../../../arm-none-eabi/lib/armv7e-m/fpu\libg_nano.a(lib_a-vsnprintf.o)
                0x08005cb4                _vsniprintf_r
                0x08005cb4                _vsnprintf_r
 *fill*         0x08005d0a        0x2 
 .text.vsnprintf
                0x08005d0c       0x1c c:/program files (x86)/gnu tools arm embedded/5.4 2016q2/bin/../lib/gcc/arm-none-eabi/5.4.1/../../../../arm-none-eabi/lib/armv7e-m/fpu\libg_nano.a(lib_a-vsnprintf.o)
                0x08005d0c                vsniprintf
                0x08005d0c                vsnprintf
 .text.__ssputs_r
                0x08005d28       0xb2 c:/program files (x86)/gnu tools arm embedded/5.4 2016q2/bin/../lib/gcc/arm-none-eabi/5.4.1/../../../../arm-none-eabi/lib/armv7e-m/fpu\libg_nano.a(lib_a-nano-svfprintf.o)
                0x08005d28                __ssputs_r
 *fill*         0x08005dda        0x2 
 .text._svfprintf_r
                0x08005ddc      0x1e8 c:/program files (x86)/gnu tools arm embedded/5.4 2016q2/bin/../lib/gcc/arm-none-eabi/5.4.1/../../../../arm-none-eabi/lib/armv7e-m/fpu\libg_nano.a(lib_a-nano-svfprintf.o)
                0x08005ddc                _svfiprintf_r
                0x08005ddc                _svfprintf_r
 .text._printf_common
                0x08005fc4       0xec c:/program files (x86)/gnu tools arm embedded/5.4 2016q2/bin/../lib/gcc/arm-none-eabi/5.4.1/../../../../arm-none-eabi/lib/armv7e-m/fpu\libg_nano.a(lib_a-nano-vfprintf_i.o)
                0x08005fc4                _printf_common
 .text._printf_i
                0x080060b0      0x24c c:/program files (x86)/gnu tools arm embedded/5.4 2016q2/bin/../lib/gcc/arm-none-eabi/5.4.1/../../../../arm-none-eabi/lib/armv7e-m/fpu\libg_nano.a(lib_a-nano-vfprintf_i.o)
                0x080060b0                _printf_i
 *fill*         0x080062fc        0x4 
 .text          0x08006300       0xa0 c:/program files (x86)/gnu tools arm embedded/5.4 2016q2/bin/../lib/gcc/arm-none-eabi/5.4.1/../../../../arm-none-eabi/lib/armv7e-m/fpu\libg_nano.a(lib_a-memchr.o)
                0x08006300                memchr
 .text.memcpy   0x080063a0       0x16 c:/program files (x86)/gnu tools arm embedded/5.4 2016q2/bin/../lib/gcc/arm-none-eabi/5.4.1/../../../../arm-none-eabi/lib/armv7e-m/fpu\libg_nano.a(lib_a-memcpy-stub.o)
                0x080063a0                memcpy
 .text.memmove  0x080063b6       0x36 c:/program files (x86)/gnu tools arm embedded/5.4 2016q2/bin/../lib/gcc/arm-none-eabi/5.4.1/../../../../arm-none-eabi/lib/armv7e-m/fpu\libg_nano.a(lib_a-memmove.o)
                0x080063b6                memmove
 .text._free_r  0x080063ec       0x9c c:/program files (x86)/gnu tools arm embedded/5.4 2016q2/bin/../lib/gcc/arm-none-eabi/5.4.1/../../../../arm-none-eabi/lib/armv7e-m/fpu\libg_nano.a(lib_a-nano-freer.o)
                0x080063ec                _free_r
 .text._malloc_r
                0x08006488       0xbc c:/program files (x86)/gnu tools arm embedded/5.4 2016q2/bin/../lib/gcc/arm-none-eabi/5.4.1/../../../../arm-none-eabi/lib/armv7e-m/fpu\libg_nano.a(lib_a-nano-mallocr.o)
                0x08006488                _malloc_r
 .text._realloc_r
                0x08006544       0x4c c:/program files (x86)/gnu tools arm embedded/5.4 2016q2/bin/../lib/gcc/arm-none-eabi/5.4.1/../../../../arm-none-eabi/lib/armv7e-m/fpu\libg_nano.a(lib_a-nano-reallocr.o)
                0x08006544                _realloc_r
 .text._sbrk_r  0x08006590       0x20 c:/program files (x86)/gnu tools arm embedded/5.4 2016q2/bin/../lib/gcc/arm-none-eabi/5.4.1/../../../../arm-none-eabi/lib/armv7e-m/fpu\libg_nano.a(lib_a-sbrkr.o)
                0x08006590                _sbrk_r
 .text.__malloc_lock
                0x080065b0        0x2 c:/program files (x86)/gnu tools arm embedded/5.4 2016q2/bin/../lib/gcc/arm-none-eabi/5.4.1/../../../../arm-none-eabi/lib/armv7e-m/fpu\libg_nano.a(lib_a-mlock.o)
                0x080065b0                __malloc_lock
 .text.__malloc_unlock
                0x080065b2        0x2 c:/program files (x86)/gnu tools arm embedded/5.4 2016q2/bin/../lib/gcc/arm-none-eabi/5.4.1/../../../../arm-none-eabi/lib/armv7e-m/fpu\libg_nano.a(lib_a-mlock.o)
                0x080065b2                __malloc_unlock
 .text._malloc_usable_size_r
                0x080065b4       0x14 c:/program files (x86)/gnu tools arm embedded/5.4 2016q2/bin/../lib/gcc/arm-none-eabi/5.4.1/../../../../arm-none-eabi/lib/armv7e-m/fpu\libg_nano.a(lib_a-nano-msizer.o)
                0x080065b4                _malloc_usable_size_r
 *(.rodata .rodata.* .constdata .constdata.*)
 .rodata.str1.4
                0x080065c8       0x2e ./system/src/stm32f4-hal/stm32f4xx_hal_adc.o
 *fill*         0x080065f6        0x2 
 .rodata.str1.4
                0x080065f8       0x31 ./system/src/stm32f4-hal/stm32f4xx_hal_cortex.o
 *fill*         0x08006629        0x3 
 .rodata.str1.4
                0x0800662c       0x2e ./system/src/stm32f4-hal/stm32f4xx_hal_dac.o
 *fill*         0x0800665a        0x2 
 .rodata.str1.4
                0x0800665c       0x31 ./system/src/stm32f4-hal/stm32f4xx_hal_dac_ex.o
 *fill*         0x0800668d        0x3 
 .rodata.str1.4
                0x08006690       0x2e ./system/src/stm32f4-hal/stm32f4xx_hal_dma.o
 *fill*         0x080066be        0x2 
 .rodata.flagBitshiftOffset.7323
                0x080066c0        0x8 ./system/src/stm32f4-hal/stm32f4xx_hal_dma.o
 .rodata.str1.4
                0x080066c8       0x2f ./system/src/stm32f4-hal/stm32f4xx_hal_gpio.o
 *fill*         0x080066f7        0x1 
 .rodata.APBAHBPrescTable
                0x080066f8       0x10 ./system/src/stm32f4-hal/stm32f4xx_hal_rcc.o
                0x080066f8                APBAHBPrescTable
 .rodata.str1.4
                0x08006708       0x2e ./system/src/stm32f4-hal/stm32f4xx_hal_rcc.o
 *fill*         0x08006736        0x2 
 .rodata.str1.4
                0x08006738       0x2e ./system/src/stm32f4-hal/stm32f4xx_hal_spi.o
 *fill*         0x08006766        0x2 
 .rodata.str1.4
                0x08006768       0x2e ./system/src/stm32f4-hal/stm32f4xx_hal_tim.o
 *fill*         0x08006796        0x2 
 .rodata.str1.4
                0x08006798       0x31 ./system/src/stm32f4-hal/stm32f4xx_hal_tim_ex.o
 *fill*         0x080067c9        0x3 
 .rodata.str1.4
                0x080067cc      0x148 ./system/src/cortexm/exception_handlers.o
                                0x146 (size before relaxing)
 .rodata.AHBPrescTable
                0x08006914       0x10 ./system/src/cmsis/system_stm32f4xx.o
                0x08006914                AHBPrescTable
 .rodata.b_a_0.3743
                0x08006924       0x90 ./src/MATLAB.o
 .rodata.c_a_0.3744
                0x080069b4       0x18 ./src/MATLAB.o
 .rodata.d_a_0.3745
                0x080069cc       0x18 ./src/MATLAB.o
 .rodata.a_0.3742
                0x080069e4        0x6 ./src/MATLAB.o
 *fill*         0x080069ea        0x2 
 .rodata.npio2_hw
                0x080069ec       0x80 c:/program files (x86)/gnu tools arm embedded/5.4 2016q2/bin/../lib/gcc/arm-none-eabi/5.4.1/../../../../arm-none-eabi/lib/armv7e-m/fpu\libm.a(lib_a-ef_rem_pio2.o)
 .rodata.two_over_pi
                0x08006a6c      0x318 c:/program files (x86)/gnu tools arm embedded/5.4 2016q2/bin/../lib/gcc/arm-none-eabi/5.4.1/../../../../arm-none-eabi/lib/armv7e-m/fpu\libm.a(lib_a-ef_rem_pio2.o)
 .rodata.init_jk
                0x08006d84        0xc c:/program files (x86)/gnu tools arm embedded/5.4 2016q2/bin/../lib/gcc/arm-none-eabi/5.4.1/../../../../arm-none-eabi/lib/armv7e-m/fpu\libm.a(lib_a-kf_rem_pio2.o)
 .rodata.PIo2   0x08006d90       0x2c c:/program files (x86)/gnu tools arm embedded/5.4 2016q2/bin/../lib/gcc/arm-none-eabi/5.4.1/../../../../arm-none-eabi/lib/armv7e-m/fpu\libm.a(lib_a-kf_rem_pio2.o)
 .rodata.str1.1
                0x08006dbc        0x2 c:/program files (x86)/gnu tools arm embedded/5.4 2016q2/bin/../lib/gcc/arm-none-eabi/5.4.1/../../../../arm-none-eabi/lib/armv7e-m/fpu\libg_nano.a(lib_a-impure.o)
 .rodata.str1.1
                0x08006dbe       0x11 c:/program files (x86)/gnu tools arm embedded/5.4 2016q2/bin/../lib/gcc/arm-none-eabi/5.4.1/../../../../arm-none-eabi/lib/armv7e-m/fpu\libg_nano.a(lib_a-nano-svfprintf.o)
 .rodata.str1.1
                0x08006dcf       0x22 c:/program files (x86)/gnu tools arm embedded/5.4 2016q2/bin/../lib/gcc/arm-none-eabi/5.4.1/../../../../arm-none-eabi/lib/armv7e-m/fpu\libg_nano.a(lib_a-nano-vfprintf_i.o)
 *(vtable)
 *(.eh_frame*)
 *(.glue_7)
 .glue_7        0x08006df1        0x0 linker stubs
 *(.glue_7t)
 .glue_7t       0x08006df1        0x0 linker stubs

.vfp11_veneer   0x08006df4        0x0
 .vfp11_veneer  0x08006df4        0x0 linker stubs

.v4_bx          0x08006df4        0x0
 .v4_bx         0x08006df4        0x0 linker stubs

.iplt           0x08006df4        0x0
 .iplt          0x08006df4        0x0 ./system/src/stm32f4-hal/stm32f4xx_hal.o

.rel.dyn        0x08006df4        0x0
 .rel.iplt      0x08006df4        0x0 ./system/src/stm32f4-hal/stm32f4xx_hal.o

.ARM.extab
 *(.ARM.extab* .gnu.linkonce.armextab.*)
                0x08006df4                . = ALIGN (0x4)
                0x08006df4                __exidx_start = .

.ARM.exidx
 *(.ARM.exidx* .gnu.linkonce.armexidx.*)
                0x08006df4                __exidx_end = .
                0x08006df4                . = ALIGN (0x4)
                0x08006df4                _etext = .
                0x08006df4                __etext = .

.data_CCMRAM    0x10000000        0x0 load address 0x08006df4
 FILL mask 0xff
 *(.data.CCMRAM .data.CCMRAM.*)
                0x10000000                . = ALIGN (0x4)
                0x08006df4                _sidata = LOADADDR (.data)

.data           0x20000000       0x84 load address 0x08006df4
 FILL mask 0xff
                0x20000000                _sdata = .
                0x20000000                __data_start__ = .
 *(.data_begin .data_begin.*)
 .data_begin    0x20000000        0x4 ./system/src/newlib/_startup.o
 *(.data .data.*)
 .data.argv.4284
                0x20000004        0x8 ./system/src/newlib/_syscalls.o
 .data.SystemCoreClock
                0x2000000c        0x4 ./system/src/cmsis/system_stm32f4xx.o
                0x2000000c                SystemCoreClock
 .data.big.7359
                0x20000010        0x8 ./src/main.o
 .data.datpoint.7357
                0x20000018        0x4 ./src/main.o
 .data.impure_data
                0x2000001c       0x60 c:/program files (x86)/gnu tools arm embedded/5.4 2016q2/bin/../lib/gcc/arm-none-eabi/5.4.1/../../../../arm-none-eabi/lib/armv7e-m/fpu\libg_nano.a(lib_a-impure.o)
 .data._impure_ptr
                0x2000007c        0x4 c:/program files (x86)/gnu tools arm embedded/5.4 2016q2/bin/../lib/gcc/arm-none-eabi/5.4.1/../../../../arm-none-eabi/lib/armv7e-m/fpu\libg_nano.a(lib_a-impure.o)
                0x2000007c                _impure_ptr
 *(.data_end .data_end.*)
 .data_end      0x20000080        0x4 ./system/src/newlib/_startup.o
                0x20000084                . = ALIGN (0x4)
                0x20000084                _edata = .
                0x20000084                __data_end__ = .

.igot.plt       0x20000084        0x0 load address 0x08006e78
 .igot.plt      0x20000084        0x0 ./system/src/stm32f4-hal/stm32f4xx_hal.o

.bss_CCMRAM     0x10000000        0x0
 *(.bss.CCMRAM .bss.CCMRAM.*)

.bss            0x20000084      0x44c
                0x20000084                __bss_start__ = .
                0x20000084                _sbss = .
 *(.bss_begin .bss_begin.*)
 .bss_begin     0x20000084        0x4 ./system/src/newlib/_startup.o
 *(.bss .bss.*)
 .bss.current_heap_end.3975
                0x20000088        0x4 ./system/src/newlib/_sbrk.o
 .bss.name.4283
                0x2000008c        0x1 ./system/src/newlib/_syscalls.o
 *fill*         0x2000008d        0x3 
 .bss.buf.5167  0x20000090       0x80 ./system/src/diag/Trace.o
 .bss.small.7358
                0x20000110        0x8 ./src/main.o
 .bss.buffer.7356
                0x20000118       0x68 ./src/main.o
 .bss.calibra_adc_ax
                0x20000180        0x4 ./src/stm32f4xx_it.o
                0x20000180                calibra_adc_ax
 .bss.__malloc_sbrk_start
                0x20000184        0x4 c:/program files (x86)/gnu tools arm embedded/5.4 2016q2/bin/../lib/gcc/arm-none-eabi/5.4.1/../../../../arm-none-eabi/lib/armv7e-m/fpu\libg_nano.a(lib_a-nano-mallocr.o)
                0x20000184                __malloc_sbrk_start
 .bss.__malloc_free_list
                0x20000188        0x4 c:/program files (x86)/gnu tools arm embedded/5.4 2016q2/bin/../lib/gcc/arm-none-eabi/5.4.1/../../../../arm-none-eabi/lib/armv7e-m/fpu\libg_nano.a(lib_a-nano-mallocr.o)
                0x20000188                __malloc_free_list
 *(COMMON)
 COMMON         0x2000018c        0x4 ./system/src/stm32f4-hal/stm32f4xx_hal.o
                0x2000018c                uwTick
 COMMON         0x20000190       0x3c ./system/src/stm32f4-hal/stm32f4xx_hal_timebase_tim_template.o
                0x20000190                TimHandle
 COMMON         0x200001cc        0x4 ./system/src/newlib/_syscalls.o
                0x200001cc                errno
 COMMON         0x200001d0       0x44 ./src/MATLAB.o
                0x200001d0                rtM_
                0x200001d4                rtU
                0x200001dc                rtDW
                0x20000200                rtY
 COMMON         0x20000214      0x29a ./src/main.o
                0x20000214                hspi2
                0x2000026c                htim8
                0x200002a8                transmit_buffer
                0x200002b0                valoradc
                0x200002b2                valoradc_old2
                0x200002b4                valoradc_I
                0x200002b8                receive_buffer
                0x200002c0                hdma_dac1
                0x20000318                hadc1
                0x20000360                hdac
                0x20000374                hdma_adc1
                0x200003cc                valoradc_old
                0x200003d0                htim6
                0x2000040c                htim1
                0x20000448                valoradc_new
                0x2000044c                dc_voltage
                0x20000450                valoradc_old3
                0x20000454                hdma_dac2
                0x200004ac                valoradc_old4
 *fill*         0x200004ae        0x2 
 COMMON         0x200004b0       0x1c ./src/stm32f4xx_it.o
                0x200004b0                cx
                0x200004b2                startup
                0x200004b4                r
                0x200004b8                esum
                0x200004bc                calibra_adc
                0x200004c0                y
                0x200004c4                e
                0x200004c8                u
 *(.bss_end .bss_end.*)
 .bss_end       0x200004cc        0x4 ./system/src/newlib/_startup.o
                0x200004d0                . = ALIGN (0x4)
                0x200004d0                __bss_end__ = .
                0x200004d0                _ebss = .

.noinit_CCMRAM
 *(.noinit.CCMRAM .noinit.CCMRAM.*)

.noinit         0x200004d0        0x0
                0x200004d0                _noinit = .
 *(.noinit .noinit.*)
                0x200004d0                . = ALIGN (0x4)
                0x200004d0                _end_noinit = .
                [!provide]                PROVIDE (end, _end_noinit)
                [!provide]                PROVIDE (_end, _end_noinit)
                [!provide]                PROVIDE (__end, _end_noinit)
                [!provide]                PROVIDE (__end__, _end_noinit)

._check_stack   0x200004d0      0x100
                0x200005d0                . = (. + _Minimum_Stack_Size)
 *fill*         0x200004d0      0x100 

.b1text
 *(.b1text)
 *(.b1rodata)
 *(.b1rodata.*)

.eb0text
 *(.eb0text)
 *(.eb0rodata)
 *(.eb0rodata.*)

.eb1text
 *(.eb1text)
 *(.eb1rodata)
 *(.eb1rodata.*)

.eb2text
 *(.eb2text)
 *(.eb2rodata)
 *(.eb2rodata.*)

.eb3text
 *(.eb3text)
 *(.eb3rodata)
 *(.eb3rodata.*)

.stab
 *(.stab)

.stabstr
 *(.stabstr)

.stab.excl
 *(.stab.excl)

.stab.exclstr
 *(.stab.exclstr)

.stab.index
 *(.stab.index)

.stab.indexstr
 *(.stab.indexstr)

.comment        0x00000000       0x6e
 *(.comment)
 .comment       0x00000000       0x6e ./system/src/stm32f4-hal/stm32f4xx_hal.o
                                 0x6f (size before relaxing)
 .comment       0x0000006e       0x6f ./system/src/stm32f4-hal/stm32f4xx_hal_adc.o
 .comment       0x0000006e       0x6f ./system/src/stm32f4-hal/stm32f4xx_hal_adc_ex.o
 .comment       0x0000006e       0x6f ./system/src/stm32f4-hal/stm32f4xx_hal_cortex.o
 .comment       0x0000006e       0x6f ./system/src/stm32f4-hal/stm32f4xx_hal_dac.o
 .comment       0x0000006e       0x6f ./system/src/stm32f4-hal/stm32f4xx_hal_dac_ex.o
 .comment       0x0000006e       0x6f ./system/src/stm32f4-hal/stm32f4xx_hal_dma.o
 .comment       0x0000006e       0x6f ./system/src/stm32f4-hal/stm32f4xx_hal_gpio.o
 .comment       0x0000006e       0x6f ./system/src/stm32f4-hal/stm32f4xx_hal_pwr.o
 .comment       0x0000006e       0x6f ./system/src/stm32f4-hal/stm32f4xx_hal_rcc.o
 .comment       0x0000006e       0x6f ./system/src/stm32f4-hal/stm32f4xx_hal_spi.o
 .comment       0x0000006e       0x6f ./system/src/stm32f4-hal/stm32f4xx_hal_tim.o
 .comment       0x0000006e       0x6f ./system/src/stm32f4-hal/stm32f4xx_hal_tim_ex.o
 .comment       0x0000006e       0x6f ./system/src/stm32f4-hal/stm32f4xx_hal_timebase_tim_template.o
 .comment       0x0000006e       0x6f ./system/src/newlib/_exit.o
 .comment       0x0000006e       0x6f ./system/src/newlib/_sbrk.o
 .comment       0x0000006e       0x6f ./system/src/newlib/_startup.o
 .comment       0x0000006e       0x6f ./system/src/newlib/_syscalls.o
 .comment       0x0000006e       0x6f ./system/src/diag/Trace.o
 .comment       0x0000006e       0x6f ./system/src/diag/trace_impl.o
 .comment       0x0000006e       0x6f ./system/src/cortexm/_initialize_hardware.o
 .comment       0x0000006e       0x6f ./system/src/cortexm/exception_handlers.o
 .comment       0x0000006e       0x6f ./system/src/cmsis/system_stm32f4xx.o
 .comment       0x0000006e       0x6f ./system/src/cmsis/vectors_stm32f405xx.o
 .comment       0x0000006e       0x6f ./src/MATLAB.o
 .comment       0x0000006e       0x6f ./src/_initialize_hardware.o
 .comment       0x0000006e       0x6f ./src/main.o
 .comment       0x0000006e       0x6f ./src/stm32f4xx_hal_msp.o
 .comment       0x0000006e       0x6f ./src/stm32f4xx_it.o

.ARM.attributes
                0x00000000       0x37
 .ARM.attributes
                0x00000000       0x39 ./system/src/stm32f4-hal/stm32f4xx_hal.o
 .ARM.attributes
                0x00000039       0x39 ./system/src/stm32f4-hal/stm32f4xx_hal_adc.o
 .ARM.attributes
                0x00000072       0x39 ./system/src/stm32f4-hal/stm32f4xx_hal_adc_ex.o
 .ARM.attributes
                0x000000ab       0x39 ./system/src/stm32f4-hal/stm32f4xx_hal_cortex.o
 .ARM.attributes
                0x000000e4       0x39 ./system/src/stm32f4-hal/stm32f4xx_hal_dac.o
 .ARM.attributes
                0x0000011d       0x39 ./system/src/stm32f4-hal/stm32f4xx_hal_dac_ex.o
 .ARM.attributes
                0x00000156       0x39 ./system/src/stm32f4-hal/stm32f4xx_hal_dma.o
 .ARM.attributes
                0x0000018f       0x39 ./system/src/stm32f4-hal/stm32f4xx_hal_gpio.o
 .ARM.attributes
                0x000001c8       0x39 ./system/src/stm32f4-hal/stm32f4xx_hal_pwr.o
 .ARM.attributes
                0x00000201       0x39 ./system/src/stm32f4-hal/stm32f4xx_hal_rcc.o
 .ARM.attributes
                0x0000023a       0x39 ./system/src/stm32f4-hal/stm32f4xx_hal_spi.o
 .ARM.attributes
                0x00000273       0x39 ./system/src/stm32f4-hal/stm32f4xx_hal_tim.o
 .ARM.attributes
                0x000002ac       0x39 ./system/src/stm32f4-hal/stm32f4xx_hal_tim_ex.o
 .ARM.attributes
                0x000002e5       0x39 ./system/src/stm32f4-hal/stm32f4xx_hal_timebase_tim_template.o
 .ARM.attributes
                0x0000031e       0x39 ./system/src/newlib/_exit.o
 .ARM.attributes
                0x00000357       0x39 ./system/src/newlib/_sbrk.o
 .ARM.attributes
                0x00000390       0x39 ./system/src/newlib/_startup.o
 .ARM.attributes
                0x000003c9       0x39 ./system/src/newlib/_syscalls.o
 .ARM.attributes
                0x00000402       0x39 ./system/src/diag/Trace.o
 .ARM.attributes
                0x0000043b       0x39 ./system/src/diag/trace_impl.o
 .ARM.attributes
                0x00000474       0x39 ./system/src/cortexm/_initialize_hardware.o
 .ARM.attributes
                0x000004ad       0x39 ./system/src/cortexm/exception_handlers.o
 .ARM.attributes
                0x000004e6       0x39 ./system/src/cmsis/system_stm32f4xx.o
 .ARM.attributes
                0x0000051f       0x39 ./system/src/cmsis/vectors_stm32f405xx.o
 .ARM.attributes
                0x00000558       0x39 ./src/MATLAB.o
 .ARM.attributes
                0x00000591       0x39 ./src/_initialize_hardware.o
 .ARM.attributes
                0x000005ca       0x39 ./src/main.o
 .ARM.attributes
                0x00000603       0x39 ./src/stm32f4xx_hal_msp.o
 .ARM.attributes
                0x0000063c       0x39 ./src/stm32f4xx_it.o
 .ARM.attributes
                0x00000675       0x34 c:/program files (x86)/gnu tools arm embedded/5.4 2016q2/bin/../lib/gcc/arm-none-eabi/5.4.1/../../../../arm-none-eabi/lib/armv7e-m/fpu\libm.a(lib_a-sf_cos.o)
 .ARM.attributes
                0x000006a9       0x34 c:/program files (x86)/gnu tools arm embedded/5.4 2016q2/bin/../lib/gcc/arm-none-eabi/5.4.1/../../../../arm-none-eabi/lib/armv7e-m/fpu\libm.a(lib_a-sf_fabs.o)
 .ARM.attributes
                0x000006dd       0x34 c:/program files (x86)/gnu tools arm embedded/5.4 2016q2/bin/../lib/gcc/arm-none-eabi/5.4.1/../../../../arm-none-eabi/lib/armv7e-m/fpu\libm.a(lib_a-ef_rem_pio2.o)
 .ARM.attributes
                0x00000711       0x34 c:/program files (x86)/gnu tools arm embedded/5.4 2016q2/bin/../lib/gcc/arm-none-eabi/5.4.1/../../../../arm-none-eabi/lib/armv7e-m/fpu\libm.a(lib_a-kf_cos.o)
 .ARM.attributes
                0x00000745       0x34 c:/program files (x86)/gnu tools arm embedded/5.4 2016q2/bin/../lib/gcc/arm-none-eabi/5.4.1/../../../../arm-none-eabi/lib/armv7e-m/fpu\libm.a(lib_a-kf_rem_pio2.o)
 .ARM.attributes
                0x00000779       0x34 c:/program files (x86)/gnu tools arm embedded/5.4 2016q2/bin/../lib/gcc/arm-none-eabi/5.4.1/../../../../arm-none-eabi/lib/armv7e-m/fpu\libm.a(lib_a-kf_sin.o)
 .ARM.attributes
                0x000007ad       0x34 c:/program files (x86)/gnu tools arm embedded/5.4 2016q2/bin/../lib/gcc/arm-none-eabi/5.4.1/../../../../arm-none-eabi/lib/armv7e-m/fpu\libm.a(lib_a-sf_floor.o)
 .ARM.attributes
                0x000007e1       0x34 c:/program files (x86)/gnu tools arm embedded/5.4 2016q2/bin/../lib/gcc/arm-none-eabi/5.4.1/../../../../arm-none-eabi/lib/armv7e-m/fpu\libm.a(lib_a-sf_scalbn.o)
 .ARM.attributes
                0x00000815       0x34 c:/program files (x86)/gnu tools arm embedded/5.4 2016q2/bin/../lib/gcc/arm-none-eabi/5.4.1/../../../../arm-none-eabi/lib/armv7e-m/fpu\libm.a(lib_a-sf_copysign.o)
 .ARM.attributes
                0x00000849       0x22 c:/program files (x86)/gnu tools arm embedded/5.4 2016q2/bin/../lib/gcc/arm-none-eabi/5.4.1/armv7e-m/fpu\libgcc.a(_arm_addsubdf3.o)
 .ARM.attributes
                0x0000086b       0x22 c:/program files (x86)/gnu tools arm embedded/5.4 2016q2/bin/../lib/gcc/arm-none-eabi/5.4.1/armv7e-m/fpu\libgcc.a(_arm_muldivdf3.o)
 .ARM.attributes
                0x0000088d       0x22 c:/program files (x86)/gnu tools arm embedded/5.4 2016q2/bin/../lib/gcc/arm-none-eabi/5.4.1/armv7e-m/fpu\libgcc.a(_arm_fixunsdfsi.o)
 .ARM.attributes
                0x000008af       0x22 c:/program files (x86)/gnu tools arm embedded/5.4 2016q2/bin/../lib/gcc/arm-none-eabi/5.4.1/armv7e-m/fpu\libgcc.a(_arm_truncdfsf2.o)
 .ARM.attributes
                0x000008d1       0x34 c:/program files (x86)/gnu tools arm embedded/5.4 2016q2/bin/../lib/gcc/arm-none-eabi/5.4.1/../../../../arm-none-eabi/lib/armv7e-m/fpu\libg_nano.a(lib_a-errno.o)
 .ARM.attributes
                0x00000905       0x34 c:/program files (x86)/gnu tools arm embedded/5.4 2016q2/bin/../lib/gcc/arm-none-eabi/5.4.1/../../../../arm-none-eabi/lib/armv7e-m/fpu\libg_nano.a(lib_a-impure.o)
 .ARM.attributes
                0x00000939       0x34 c:/program files (x86)/gnu tools arm embedded/5.4 2016q2/bin/../lib/gcc/arm-none-eabi/5.4.1/../../../../arm-none-eabi/lib/armv7e-m/fpu\libg_nano.a(lib_a-vsnprintf.o)
 .ARM.attributes
                0x0000096d       0x34 c:/program files (x86)/gnu tools arm embedded/5.4 2016q2/bin/../lib/gcc/arm-none-eabi/5.4.1/../../../../arm-none-eabi/lib/armv7e-m/fpu\libg_nano.a(lib_a-nano-svfprintf.o)
 .ARM.attributes
                0x000009a1       0x34 c:/program files (x86)/gnu tools arm embedded/5.4 2016q2/bin/../lib/gcc/arm-none-eabi/5.4.1/../../../../arm-none-eabi/lib/armv7e-m/fpu\libg_nano.a(lib_a-nano-vfprintf_i.o)
 .ARM.attributes
                0x000009d5       0x20 c:/program files (x86)/gnu tools arm embedded/5.4 2016q2/bin/../lib/gcc/arm-none-eabi/5.4.1/../../../../arm-none-eabi/lib/armv7e-m/fpu\libg_nano.a(lib_a-memchr.o)
 .ARM.attributes
                0x000009f5       0x34 c:/program files (x86)/gnu tools arm embedded/5.4 2016q2/bin/../lib/gcc/arm-none-eabi/5.4.1/../../../../arm-none-eabi/lib/armv7e-m/fpu\libg_nano.a(lib_a-memcpy-stub.o)
 .ARM.attributes
                0x00000a29       0x34 c:/program files (x86)/gnu tools arm embedded/5.4 2016q2/bin/../lib/gcc/arm-none-eabi/5.4.1/../../../../arm-none-eabi/lib/armv7e-m/fpu\libg_nano.a(lib_a-memmove.o)
 .ARM.attributes
                0x00000a5d       0x34 c:/program files (x86)/gnu tools arm embedded/5.4 2016q2/bin/../lib/gcc/arm-none-eabi/5.4.1/../../../../arm-none-eabi/lib/armv7e-m/fpu\libg_nano.a(lib_a-nano-freer.o)
 .ARM.attributes
                0x00000a91       0x34 c:/program files (x86)/gnu tools arm embedded/5.4 2016q2/bin/../lib/gcc/arm-none-eabi/5.4.1/../../../../arm-none-eabi/lib/armv7e-m/fpu\libg_nano.a(lib_a-nano-mallocr.o)
 .ARM.attributes
                0x00000ac5       0x34 c:/program files (x86)/gnu tools arm embedded/5.4 2016q2/bin/../lib/gcc/arm-none-eabi/5.4.1/../../../../arm-none-eabi/lib/armv7e-m/fpu\libg_nano.a(lib_a-nano-reallocr.o)
 .ARM.attributes
                0x00000af9       0x34 c:/program files (x86)/gnu tools arm embedded/5.4 2016q2/bin/../lib/gcc/arm-none-eabi/5.4.1/../../../../arm-none-eabi/lib/armv7e-m/fpu\libg_nano.a(lib_a-sbrkr.o)
 .ARM.attributes
                0x00000b2d       0x34 c:/program files (x86)/gnu tools arm embedded/5.4 2016q2/bin/../lib/gcc/arm-none-eabi/5.4.1/../../../../arm-none-eabi/lib/armv7e-m/fpu\libg_nano.a(lib_a-mlock.o)
 .ARM.attributes
                0x00000b61       0x34 c:/program files (x86)/gnu tools arm embedded/5.4 2016q2/bin/../lib/gcc/arm-none-eabi/5.4.1/../../../../arm-none-eabi/lib/armv7e-m/fpu\libg_nano.a(lib_a-nano-msizer.o)

.debug
 *(.debug)

.line
 *(.line)

.debug_srcinfo
 *(.debug_srcinfo)

.debug_sfnames
 *(.debug_sfnames)

.debug_aranges  0x00000000     0x1070
 *(.debug_aranges)
 .debug_aranges
                0x00000000       0xc0 ./system/src/stm32f4-hal/stm32f4xx_hal.o
 .debug_aranges
                0x000000c0       0xe8 ./system/src/stm32f4-hal/stm32f4xx_hal_adc.o
 .debug_aranges
                0x000001a8       0x90 ./system/src/stm32f4-hal/stm32f4xx_hal_adc_ex.o
 .debug_aranges
                0x00000238       0x98 ./system/src/stm32f4-hal/stm32f4xx_hal_cortex.o
 .debug_aranges
                0x000002d0       0xc0 ./system/src/stm32f4-hal/stm32f4xx_hal_dac.o
 .debug_aranges
                0x00000390       0x70 ./system/src/stm32f4-hal/stm32f4xx_hal_dac_ex.o
 .debug_aranges
                0x00000400       0x70 ./system/src/stm32f4-hal/stm32f4xx_hal_dma.o
 .debug_aranges
                0x00000470       0x58 ./system/src/stm32f4-hal/stm32f4xx_hal_gpio.o
 .debug_aranges
                0x000004c8       0xa0 ./system/src/stm32f4-hal/stm32f4xx_hal_pwr.o
 .debug_aranges
                0x00000568       0x88 ./system/src/stm32f4-hal/stm32f4xx_hal_rcc.o
 .debug_aranges
                0x000005f0      0x1b0 ./system/src/stm32f4-hal/stm32f4xx_hal_spi.o
 .debug_aranges
                0x000007a0      0x368 ./system/src/stm32f4-hal/stm32f4xx_hal_tim.o
 .debug_aranges
                0x00000b08      0x140 ./system/src/stm32f4-hal/stm32f4xx_hal_tim_ex.o
 .debug_aranges
                0x00000c48       0x40 ./system/src/stm32f4-hal/stm32f4xx_hal_timebase_tim_template.o
 .debug_aranges
                0x00000c88       0x28 ./system/src/newlib/_exit.o
 .debug_aranges
                0x00000cb0       0x20 ./system/src/newlib/_sbrk.o
 .debug_aranges
                0x00000cd0       0x40 ./system/src/newlib/_startup.o
 .debug_aranges
                0x00000d10       0x30 ./system/src/newlib/_syscalls.o
 .debug_aranges
                0x00000d40       0x38 ./system/src/diag/Trace.o
 .debug_aranges
                0x00000d78       0x30 ./system/src/diag/trace_impl.o
 .debug_aranges
                0x00000da8       0x28 ./system/src/cortexm/_initialize_hardware.o
 .debug_aranges
                0x00000dd0       0x90 ./system/src/cortexm/exception_handlers.o
 .debug_aranges
                0x00000e60       0x28 ./system/src/cmsis/system_stm32f4xx.o
 .debug_aranges
                0x00000e88       0x20 ./system/src/cmsis/vectors_stm32f405xx.o
 .debug_aranges
                0x00000ea8       0x28 ./src/MATLAB.o
 .debug_aranges
                0x00000ed0       0x28 ./src/_initialize_hardware.o
 .debug_aranges
                0x00000ef8       0x70 ./src/main.o
 .debug_aranges
                0x00000f68       0x78 ./src/stm32f4xx_hal_msp.o
 .debug_aranges
                0x00000fe0       0x90 ./src/stm32f4xx_it.o

.debug_pubnames
 *(.debug_pubnames)

.debug_info     0x00000000    0x1673b
 *(.debug_info .gnu.linkonce.wi.*)
 .debug_info    0x00000000      0x8d1 ./system/src/stm32f4-hal/stm32f4xx_hal.o
 .debug_info    0x000008d1     0x119a ./system/src/stm32f4-hal/stm32f4xx_hal_adc.o
 .debug_info    0x00001a6b      0xd3f ./system/src/stm32f4-hal/stm32f4xx_hal_adc_ex.o
 .debug_info    0x000027aa     0x10e2 ./system/src/stm32f4-hal/stm32f4xx_hal_cortex.o
 .debug_info    0x0000388c      0xc11 ./system/src/stm32f4-hal/stm32f4xx_hal_dac.o
 .debug_info    0x0000449d      0x813 ./system/src/stm32f4-hal/stm32f4xx_hal_dac_ex.o
 .debug_info    0x00004cb0      0x9c5 ./system/src/stm32f4-hal/stm32f4xx_hal_dma.o
 .debug_info    0x00005675      0x86a ./system/src/stm32f4-hal/stm32f4xx_hal_gpio.o
 .debug_info    0x00005edf      0x93f ./system/src/stm32f4-hal/stm32f4xx_hal_pwr.o
 .debug_info    0x0000681e      0xf42 ./system/src/stm32f4-hal/stm32f4xx_hal_rcc.o
 .debug_info    0x00007760     0x1aa4 ./system/src/stm32f4-hal/stm32f4xx_hal_spi.o
 .debug_info    0x00009204     0x431b ./system/src/stm32f4-hal/stm32f4xx_hal_tim.o
 .debug_info    0x0000d51f     0x18a0 ./system/src/stm32f4-hal/stm32f4xx_hal_tim_ex.o
 .debug_info    0x0000edbf      0xbaf ./system/src/stm32f4-hal/stm32f4xx_hal_timebase_tim_template.o
 .debug_info    0x0000f96e       0xef ./system/src/newlib/_exit.o
 .debug_info    0x0000fa5d      0x11f ./system/src/newlib/_sbrk.o
 .debug_info    0x0000fb7c      0x4ef ./system/src/newlib/_startup.o
 .debug_info    0x0001006b      0x1c7 ./system/src/newlib/_syscalls.o
 .debug_info    0x00010232      0x2e6 ./system/src/diag/Trace.o
 .debug_info    0x00010518      0x30a ./system/src/diag/trace_impl.o
 .debug_info    0x00010822      0x2bf ./system/src/cortexm/_initialize_hardware.o
 .debug_info    0x00010ae1      0x8f4 ./system/src/cortexm/exception_handlers.o
 .debug_info    0x000113d5      0x4b9 ./system/src/cmsis/system_stm32f4xx.o
 .debug_info    0x0001188e       0xd1 ./system/src/cmsis/vectors_stm32f405xx.o
 .debug_info    0x0001195f      0x302 ./src/MATLAB.o
 .debug_info    0x00011c61      0x4e9 ./src/_initialize_hardware.o
 .debug_info    0x0001214a     0x1ea4 ./src/main.o
 .debug_info    0x00013fee     0x1715 ./src/stm32f4xx_hal_msp.o
 .debug_info    0x00015703     0x1038 ./src/stm32f4xx_it.o

.debug_abbrev   0x00000000     0x34ee
 *(.debug_abbrev)
 .debug_abbrev  0x00000000      0x224 ./system/src/stm32f4-hal/stm32f4xx_hal.o
 .debug_abbrev  0x00000224      0x27e ./system/src/stm32f4-hal/stm32f4xx_hal_adc.o
 .debug_abbrev  0x000004a2      0x270 ./system/src/stm32f4-hal/stm32f4xx_hal_adc_ex.o
 .debug_abbrev  0x00000712      0x324 ./system/src/stm32f4-hal/stm32f4xx_hal_cortex.o
 .debug_abbrev  0x00000a36      0x202 ./system/src/stm32f4-hal/stm32f4xx_hal_dac.o
 .debug_abbrev  0x00000c38      0x1cc ./system/src/stm32f4-hal/stm32f4xx_hal_dac_ex.o
 .debug_abbrev  0x00000e04      0x270 ./system/src/stm32f4-hal/stm32f4xx_hal_dma.o
 .debug_abbrev  0x00001074      0x204 ./system/src/stm32f4-hal/stm32f4xx_hal_gpio.o
 .debug_abbrev  0x00001278      0x21e ./system/src/stm32f4-hal/stm32f4xx_hal_pwr.o
 .debug_abbrev  0x00001496      0x2b8 ./system/src/stm32f4-hal/stm32f4xx_hal_rcc.o
 .debug_abbrev  0x0000174e      0x21d ./system/src/stm32f4-hal/stm32f4xx_hal_spi.o
 .debug_abbrev  0x0000196b      0x21b ./system/src/stm32f4-hal/stm32f4xx_hal_tim.o
 .debug_abbrev  0x00001b86      0x21b ./system/src/stm32f4-hal/stm32f4xx_hal_tim_ex.o
 .debug_abbrev  0x00001da1      0x1ff ./system/src/stm32f4-hal/stm32f4xx_hal_timebase_tim_template.o
 .debug_abbrev  0x00001fa0       0x8e ./system/src/newlib/_exit.o
 .debug_abbrev  0x0000202e       0xb9 ./system/src/newlib/_sbrk.o
 .debug_abbrev  0x000020e7      0x1d4 ./system/src/newlib/_startup.o
 .debug_abbrev  0x000022bb       0xec ./system/src/newlib/_syscalls.o
 .debug_abbrev  0x000023a7      0x145 ./system/src/diag/Trace.o
 .debug_abbrev  0x000024ec      0x1c8 ./system/src/diag/trace_impl.o
 .debug_abbrev  0x000026b4       0xea ./system/src/cortexm/_initialize_hardware.o
 .debug_abbrev  0x0000279e      0x247 ./system/src/cortexm/exception_handlers.o
 .debug_abbrev  0x000029e5      0x104 ./system/src/cmsis/system_stm32f4xx.o
 .debug_abbrev  0x00002ae9       0x9d ./system/src/cmsis/vectors_stm32f405xx.o
 .debug_abbrev  0x00002b86      0x12b ./src/MATLAB.o
 .debug_abbrev  0x00002cb1      0x14c ./src/_initialize_hardware.o
 .debug_abbrev  0x00002dfd      0x2aa ./src/main.o
 .debug_abbrev  0x000030a7      0x212 ./src/stm32f4xx_hal_msp.o
 .debug_abbrev  0x000032b9      0x235 ./src/stm32f4xx_it.o

.debug_line     0x00000000    0x1074f
 *(.debug_line)
 .debug_line    0x00000000      0x7d1 ./system/src/stm32f4-hal/stm32f4xx_hal.o
 .debug_line    0x000007d1      0xce3 ./system/src/stm32f4-hal/stm32f4xx_hal_adc.o
 .debug_line    0x000014b4      0xb1c ./system/src/stm32f4-hal/stm32f4xx_hal_adc_ex.o
 .debug_line    0x00001fd0      0x8b4 ./system/src/stm32f4-hal/stm32f4xx_hal_cortex.o
 .debug_line    0x00002884      0x964 ./system/src/stm32f4-hal/stm32f4xx_hal_dac.o
 .debug_line    0x000031e8      0x888 ./system/src/stm32f4-hal/stm32f4xx_hal_dac_ex.o
 .debug_line    0x00003a70      0x962 ./system/src/stm32f4-hal/stm32f4xx_hal_dma.o
 .debug_line    0x000043d2      0x95b ./system/src/stm32f4-hal/stm32f4xx_hal_gpio.o
 .debug_line    0x00004d2d      0x83a ./system/src/stm32f4-hal/stm32f4xx_hal_pwr.o
 .debug_line    0x00005567      0xa83 ./system/src/stm32f4-hal/stm32f4xx_hal_rcc.o
 .debug_line    0x00005fea      0xfce ./system/src/stm32f4-hal/stm32f4xx_hal_spi.o
 .debug_line    0x00006fb8     0x3393 ./system/src/stm32f4-hal/stm32f4xx_hal_tim.o
 .debug_line    0x0000a34b     0x111c ./system/src/stm32f4-hal/stm32f4xx_hal_tim_ex.o
 .debug_line    0x0000b467      0x6ba ./system/src/stm32f4-hal/stm32f4xx_hal_timebase_tim_template.o
 .debug_line    0x0000bb21      0x33c ./system/src/newlib/_exit.o
 .debug_line    0x0000be5d      0x2ee ./system/src/newlib/_sbrk.o
 .debug_line    0x0000c14b      0x3b6 ./system/src/newlib/_startup.o
 .debug_line    0x0000c501      0x3fc ./system/src/newlib/_syscalls.o
 .debug_line    0x0000c8fd      0x39b ./system/src/diag/Trace.o
 .debug_line    0x0000cc98      0x70c ./system/src/diag/trace_impl.o
 .debug_line    0x0000d3a4      0x678 ./system/src/cortexm/_initialize_hardware.o
 .debug_line    0x0000da1c      0x79e ./system/src/cortexm/exception_handlers.o
 .debug_line    0x0000e1ba      0x676 ./system/src/cmsis/system_stm32f4xx.o
 .debug_line    0x0000e830      0x105 ./system/src/cmsis/vectors_stm32f405xx.o
 .debug_line    0x0000e935       0xd3 ./src/MATLAB.o
 .debug_line    0x0000ea08      0x66e ./src/_initialize_hardware.o
 .debug_line    0x0000f076      0x7d0 ./src/main.o
 .debug_line    0x0000f846      0x783 ./src/stm32f4xx_hal_msp.o
 .debug_line    0x0000ffc9      0x786 ./src/stm32f4xx_it.o

.debug_frame    0x00000000     0x305c
 *(.debug_frame)
 .debug_frame   0x00000000      0x188 ./system/src/stm32f4-hal/stm32f4xx_hal.o
 .debug_frame   0x00000188      0x27c ./system/src/stm32f4-hal/stm32f4xx_hal_adc.o
 .debug_frame   0x00000404      0x188 ./system/src/stm32f4-hal/stm32f4xx_hal_adc_ex.o
 .debug_frame   0x0000058c      0x17c ./system/src/stm32f4-hal/stm32f4xx_hal_cortex.o
 .debug_frame   0x00000708      0x1fc ./system/src/stm32f4-hal/stm32f4xx_hal_dac.o
 .debug_frame   0x00000904      0x100 ./system/src/stm32f4-hal/stm32f4xx_hal_dac_ex.o
 .debug_frame   0x00000a04      0x148 ./system/src/stm32f4-hal/stm32f4xx_hal_dma.o
 .debug_frame   0x00000b4c       0xf8 ./system/src/stm32f4-hal/stm32f4xx_hal_gpio.o
 .debug_frame   0x00000c44      0x154 ./system/src/stm32f4-hal/stm32f4xx_hal_pwr.o
 .debug_frame   0x00000d98      0x158 ./system/src/stm32f4-hal/stm32f4xx_hal_rcc.o
 .debug_frame   0x00000ef0      0x514 ./system/src/stm32f4-hal/stm32f4xx_hal_spi.o
 .debug_frame   0x00001404      0xa8c ./system/src/stm32f4-hal/stm32f4xx_hal_tim.o
 .debug_frame   0x00001e90      0x3e4 ./system/src/stm32f4-hal/stm32f4xx_hal_tim_ex.o
 .debug_frame   0x00002274       0x7c ./system/src/stm32f4-hal/stm32f4xx_hal_timebase_tim_template.o
 .debug_frame   0x000022f0       0x38 ./system/src/newlib/_exit.o
 .debug_frame   0x00002328       0x28 ./system/src/newlib/_sbrk.o
 .debug_frame   0x00002350       0x7c ./system/src/newlib/_startup.o
 .debug_frame   0x000023cc       0x50 ./system/src/newlib/_syscalls.o
 .debug_frame   0x0000241c       0x94 ./system/src/diag/Trace.o
 .debug_frame   0x000024b0       0x60 ./system/src/diag/trace_impl.o
 .debug_frame   0x00002510       0x40 ./system/src/cortexm/_initialize_hardware.o
 .debug_frame   0x00002550      0x158 ./system/src/cortexm/exception_handlers.o
 .debug_frame   0x000026a8       0x30 ./system/src/cmsis/system_stm32f4xx.o
 .debug_frame   0x000026d8       0x20 ./system/src/cmsis/vectors_stm32f405xx.o
 .debug_frame   0x000026f8       0x60 ./src/MATLAB.o
 .debug_frame   0x00002758       0x48 ./src/_initialize_hardware.o
 .debug_frame   0x000027a0      0x164 ./src/main.o
 .debug_frame   0x00002904      0x184 ./src/stm32f4xx_hal_msp.o
 .debug_frame   0x00002a88      0x160 ./src/stm32f4xx_it.o
 .debug_frame   0x00002be8       0x34 c:/program files (x86)/gnu tools arm embedded/5.4 2016q2/bin/../lib/gcc/arm-none-eabi/5.4.1/../../../../arm-none-eabi/lib/armv7e-m/fpu\libm.a(lib_a-sf_cos.o)
 .debug_frame   0x00002c1c       0x20 c:/program files (x86)/gnu tools arm embedded/5.4 2016q2/bin/../lib/gcc/arm-none-eabi/5.4.1/../../../../arm-none-eabi/lib/armv7e-m/fpu\libm.a(lib_a-sf_fabs.o)
 .debug_frame   0x00002c3c       0x3c c:/program files (x86)/gnu tools arm embedded/5.4 2016q2/bin/../lib/gcc/arm-none-eabi/5.4.1/../../../../arm-none-eabi/lib/armv7e-m/fpu\libm.a(lib_a-ef_rem_pio2.o)
 .debug_frame   0x00002c78       0x20 c:/program files (x86)/gnu tools arm embedded/5.4 2016q2/bin/../lib/gcc/arm-none-eabi/5.4.1/../../../../arm-none-eabi/lib/armv7e-m/fpu\libm.a(lib_a-kf_cos.o)
 .debug_frame   0x00002c98       0x5c c:/program files (x86)/gnu tools arm embedded/5.4 2016q2/bin/../lib/gcc/arm-none-eabi/5.4.1/../../../../arm-none-eabi/lib/armv7e-m/fpu\libm.a(lib_a-kf_rem_pio2.o)
 .debug_frame   0x00002cf4       0x20 c:/program files (x86)/gnu tools arm embedded/5.4 2016q2/bin/../lib/gcc/arm-none-eabi/5.4.1/../../../../arm-none-eabi/lib/armv7e-m/fpu\libm.a(lib_a-kf_sin.o)
 .debug_frame   0x00002d14       0x20 c:/program files (x86)/gnu tools arm embedded/5.4 2016q2/bin/../lib/gcc/arm-none-eabi/5.4.1/../../../../arm-none-eabi/lib/armv7e-m/fpu\libm.a(lib_a-sf_floor.o)
 .debug_frame   0x00002d34       0x44 c:/program files (x86)/gnu tools arm embedded/5.4 2016q2/bin/../lib/gcc/arm-none-eabi/5.4.1/../../../../arm-none-eabi/lib/armv7e-m/fpu\libm.a(lib_a-sf_scalbn.o)
 .debug_frame   0x00002d78       0x20 c:/program files (x86)/gnu tools arm embedded/5.4 2016q2/bin/../lib/gcc/arm-none-eabi/5.4.1/../../../../arm-none-eabi/lib/armv7e-m/fpu\libm.a(lib_a-sf_copysign.o)
 .debug_frame   0x00002d98       0x20 c:/program files (x86)/gnu tools arm embedded/5.4 2016q2/bin/../lib/gcc/arm-none-eabi/5.4.1/../../../../arm-none-eabi/lib/armv7e-m/fpu\libg_nano.a(lib_a-errno.o)
 .debug_frame   0x00002db8       0x48 c:/program files (x86)/gnu tools arm embedded/5.4 2016q2/bin/../lib/gcc/arm-none-eabi/5.4.1/../../../../arm-none-eabi/lib/armv7e-m/fpu\libg_nano.a(lib_a-vsnprintf.o)
 .debug_frame   0x00002e00       0x90 c:/program files (x86)/gnu tools arm embedded/5.4 2016q2/bin/../lib/gcc/arm-none-eabi/5.4.1/../../../../arm-none-eabi/lib/armv7e-m/fpu\libg_nano.a(lib_a-nano-svfprintf.o)
 .debug_frame   0x00002e90       0x60 c:/program files (x86)/gnu tools arm embedded/5.4 2016q2/bin/../lib/gcc/arm-none-eabi/5.4.1/../../../../arm-none-eabi/lib/armv7e-m/fpu\libg_nano.a(lib_a-nano-vfprintf_i.o)
 .debug_frame   0x00002ef0       0x28 c:/program files (x86)/gnu tools arm embedded/5.4 2016q2/bin/../lib/gcc/arm-none-eabi/5.4.1/../../../../arm-none-eabi/lib/armv7e-m/fpu\libg_nano.a(lib_a-memcpy-stub.o)
 .debug_frame   0x00002f18       0x28 c:/program files (x86)/gnu tools arm embedded/5.4 2016q2/bin/../lib/gcc/arm-none-eabi/5.4.1/../../../../arm-none-eabi/lib/armv7e-m/fpu\libg_nano.a(lib_a-memmove.o)
 .debug_frame   0x00002f40       0x38 c:/program files (x86)/gnu tools arm embedded/5.4 2016q2/bin/../lib/gcc/arm-none-eabi/5.4.1/../../../../arm-none-eabi/lib/armv7e-m/fpu\libg_nano.a(lib_a-nano-freer.o)
 .debug_frame   0x00002f78       0x2c c:/program files (x86)/gnu tools arm embedded/5.4 2016q2/bin/../lib/gcc/arm-none-eabi/5.4.1/../../../../arm-none-eabi/lib/armv7e-m/fpu\libg_nano.a(lib_a-nano-mallocr.o)
 .debug_frame   0x00002fa4       0x3c c:/program files (x86)/gnu tools arm embedded/5.4 2016q2/bin/../lib/gcc/arm-none-eabi/5.4.1/../../../../arm-none-eabi/lib/armv7e-m/fpu\libg_nano.a(lib_a-nano-reallocr.o)
 .debug_frame   0x00002fe0       0x2c c:/program files (x86)/gnu tools arm embedded/5.4 2016q2/bin/../lib/gcc/arm-none-eabi/5.4.1/../../../../arm-none-eabi/lib/armv7e-m/fpu\libg_nano.a(lib_a-sbrkr.o)
 .debug_frame   0x0000300c       0x30 c:/program files (x86)/gnu tools arm embedded/5.4 2016q2/bin/../lib/gcc/arm-none-eabi/5.4.1/../../../../arm-none-eabi/lib/armv7e-m/fpu\libg_nano.a(lib_a-mlock.o)
 .debug_frame   0x0000303c       0x20 c:/program files (x86)/gnu tools arm embedded/5.4 2016q2/bin/../lib/gcc/arm-none-eabi/5.4.1/../../../../arm-none-eabi/lib/armv7e-m/fpu\libg_nano.a(lib_a-nano-msizer.o)

.debug_str      0x00000000    0x81af8
 *(.debug_str)
 .debug_str     0x00000000    0x7a84c ./system/src/stm32f4-hal/stm32f4xx_hal.o
                              0x7ac29 (size before relaxing)
 .debug_str     0x0007a84c      0x6d4 ./system/src/stm32f4-hal/stm32f4xx_hal_adc.o
                              0x7a870 (size before relaxing)
 .debug_str     0x0007af20      0x2d5 ./system/src/stm32f4-hal/stm32f4xx_hal_adc_ex.o
                              0x7a8bf (size before relaxing)
 .debug_str     0x0007b1f5      0x36d ./system/src/stm32f4-hal/stm32f4xx_hal_cortex.o
                              0x7aa91 (size before relaxing)
 .debug_str     0x0007b562      0x33d ./system/src/stm32f4-hal/stm32f4xx_hal_dac.o
                              0x7a6f4 (size before relaxing)
 .debug_str     0x0007b89f      0x139 ./system/src/stm32f4-hal/stm32f4xx_hal_dac_ex.o
                              0x7a5e4 (size before relaxing)
 .debug_str     0x0007b9d8      0x19b ./system/src/stm32f4-hal/stm32f4xx_hal_dma.o
                              0x7a54b (size before relaxing)
 .debug_str     0x0007bb73      0x2d1 ./system/src/stm32f4-hal/stm32f4xx_hal_gpio.o
                              0x7a4c3 (size before relaxing)
 .debug_str     0x0007be44      0x2a2 ./system/src/stm32f4-hal/stm32f4xx_hal_pwr.o
                              0x7a4c8 (size before relaxing)
 .debug_str     0x0007c0e6      0x378 ./system/src/stm32f4-hal/stm32f4xx_hal_rcc.o
                              0x7a661 (size before relaxing)
 .debug_str     0x0007c45e      0x651 ./system/src/stm32f4-hal/stm32f4xx_hal_spi.o
                              0x7aa34 (size before relaxing)
 .debug_str     0x0007caaf      0xe61 ./system/src/stm32f4-hal/stm32f4xx_hal_tim.o
                              0x7b2cc (size before relaxing)
 .debug_str     0x0007d910      0x4e2 ./system/src/stm32f4-hal/stm32f4xx_hal_tim_ex.o
                              0x7ab84 (size before relaxing)
 .debug_str     0x0007ddf2       0x94 ./system/src/stm32f4-hal/stm32f4xx_hal_timebase_tim_template.o
                              0x7acc9 (size before relaxing)
 .debug_str     0x0007de86     0x10b1 ./system/src/newlib/_exit.o
                               0x6f6d (size before relaxing)
 .debug_str     0x0007ef37      0x4de ./system/src/newlib/_sbrk.o
                               0x6358 (size before relaxing)
 .debug_str     0x0007f415      0x2cc ./system/src/newlib/_startup.o
                               0x5f57 (size before relaxing)
 .debug_str     0x0007f6e1      0xe08 ./system/src/newlib/_syscalls.o
                               0x71a8 (size before relaxing)
 .debug_str     0x000804e9      0x188 ./system/src/diag/Trace.o
                               0x774d (size before relaxing)
 .debug_str     0x00080671      0x37b ./system/src/diag/trace_impl.o
                              0x7b391 (size before relaxing)
 .debug_str     0x000809ec       0x5e ./system/src/cortexm/_initialize_hardware.o
                              0x7a172 (size before relaxing)
 .debug_str     0x00080a4a      0x19d ./system/src/cortexm/exception_handlers.o
                              0x7b50b (size before relaxing)
 .debug_str     0x00080be7       0x46 ./system/src/cmsis/system_stm32f4xx.o
                              0x7a251 (size before relaxing)
 .debug_str     0x00080c2d       0x59 ./system/src/cmsis/vectors_stm32f405xx.o
                               0x310e (size before relaxing)
 .debug_str     0x00080c86      0x311 ./src/MATLAB.o
                               0x28b1 (size before relaxing)
 .debug_str     0x00080f97       0x31 ./src/_initialize_hardware.o
                              0x7a357 (size before relaxing)
 .debug_str     0x00080fc8      0x1b0 ./src/main.o
                              0x7b62d (size before relaxing)
 .debug_str     0x00081178       0x2e ./src/stm32f4xx_hal_msp.o
                              0x7b110 (size before relaxing)
 .debug_str     0x000811a6      0x952 ./src/stm32f4xx_it.o
                              0x7b659 (size before relaxing)

.debug_loc      0x00000000     0x83c0
 *(.debug_loc)
 .debug_loc     0x00000000       0x92 ./system/src/stm32f4-hal/stm32f4xx_hal.o
 .debug_loc     0x00000092      0x6c3 ./system/src/stm32f4-hal/stm32f4xx_hal_adc.o
 .debug_loc     0x00000755      0x790 ./system/src/stm32f4-hal/stm32f4xx_hal_adc_ex.o
 .debug_loc     0x00000ee5      0x580 ./system/src/stm32f4-hal/stm32f4xx_hal_cortex.o
 .debug_loc     0x00001465      0x6f3 ./system/src/stm32f4-hal/stm32f4xx_hal_dac.o
 .debug_loc     0x00001b58      0x350 ./system/src/stm32f4-hal/stm32f4xx_hal_dac_ex.o
 .debug_loc     0x00001ea8      0x4d2 ./system/src/stm32f4-hal/stm32f4xx_hal_dma.o
 .debug_loc     0x0000237a      0x4b0 ./system/src/stm32f4-hal/stm32f4xx_hal_gpio.o
 .debug_loc     0x0000282a      0x167 ./system/src/stm32f4-hal/stm32f4xx_hal_pwr.o
 .debug_loc     0x00002991      0x57a ./system/src/stm32f4-hal/stm32f4xx_hal_rcc.o
 .debug_loc     0x00002f0b     0x122e ./system/src/stm32f4-hal/stm32f4xx_hal_spi.o
 .debug_loc     0x00004139     0x2713 ./system/src/stm32f4-hal/stm32f4xx_hal_tim.o
 .debug_loc     0x0000684c      0xc57 ./system/src/stm32f4-hal/stm32f4xx_hal_tim_ex.o
 .debug_loc     0x000074a3       0xc3 ./system/src/stm32f4-hal/stm32f4xx_hal_timebase_tim_template.o
 .debug_loc     0x00007566       0x82 ./system/src/newlib/_sbrk.o
 .debug_loc     0x000075e8      0x36e ./system/src/newlib/_startup.o
 .debug_loc     0x00007956       0x63 ./system/src/newlib/_syscalls.o
 .debug_loc     0x000079b9      0x102 ./system/src/diag/Trace.o
 .debug_loc     0x00007abb      0x17c ./system/src/diag/trace_impl.o
 .debug_loc     0x00007c37      0x2a8 ./system/src/cortexm/exception_handlers.o
 .debug_loc     0x00007edf      0x132 ./system/src/cmsis/system_stm32f4xx.o
 .debug_loc     0x00008011       0xba ./src/MATLAB.o
 .debug_loc     0x000080cb      0x12a ./src/main.o
 .debug_loc     0x000081f5      0x1cb ./src/stm32f4xx_hal_msp.o

.debug_macinfo
 *(.debug_macinfo)

.debug_weaknames
 *(.debug_weaknames)

.debug_funcnames
 *(.debug_funcnames)

.debug_typenames
 *(.debug_typenames)

.debug_varnames
 *(.debug_varnames)
OUTPUT(ObservadoreControleOtimo_030117_snapshotfunciona7a.elf elf32-littlearm)

.debug_ranges   0x00000000      0xed0
 .debug_ranges  0x00000000       0xb0 ./system/src/stm32f4-hal/stm32f4xx_hal.o
 .debug_ranges  0x000000b0       0xd8 ./system/src/stm32f4-hal/stm32f4xx_hal_adc.o
 .debug_ranges  0x00000188       0x80 ./system/src/stm32f4-hal/stm32f4xx_hal_adc_ex.o
 .debug_ranges  0x00000208       0x88 ./system/src/stm32f4-hal/stm32f4xx_hal_cortex.o
 .debug_ranges  0x00000290       0xb0 ./system/src/stm32f4-hal/stm32f4xx_hal_dac.o
 .debug_ranges  0x00000340       0x60 ./system/src/stm32f4-hal/stm32f4xx_hal_dac_ex.o
 .debug_ranges  0x000003a0       0x60 ./system/src/stm32f4-hal/stm32f4xx_hal_dma.o
 .debug_ranges  0x00000400       0x48 ./system/src/stm32f4-hal/stm32f4xx_hal_gpio.o
 .debug_ranges  0x00000448       0x90 ./system/src/stm32f4-hal/stm32f4xx_hal_pwr.o
 .debug_ranges  0x000004d8       0x78 ./system/src/stm32f4-hal/stm32f4xx_hal_rcc.o
 .debug_ranges  0x00000550      0x1a0 ./system/src/stm32f4-hal/stm32f4xx_hal_spi.o
 .debug_ranges  0x000006f0      0x358 ./system/src/stm32f4-hal/stm32f4xx_hal_tim.o
 .debug_ranges  0x00000a48      0x130 ./system/src/stm32f4-hal/stm32f4xx_hal_tim_ex.o
 .debug_ranges  0x00000b78       0x30 ./system/src/stm32f4-hal/stm32f4xx_hal_timebase_tim_template.o
 .debug_ranges  0x00000ba8       0x18 ./system/src/newlib/_exit.o
 .debug_ranges  0x00000bc0       0x10 ./system/src/newlib/_sbrk.o
 .debug_ranges  0x00000bd0       0x30 ./system/src/newlib/_startup.o
 .debug_ranges  0x00000c00       0x20 ./system/src/newlib/_syscalls.o
 .debug_ranges  0x00000c20       0x28 ./system/src/diag/Trace.o
 .debug_ranges  0x00000c48       0x38 ./system/src/diag/trace_impl.o
 .debug_ranges  0x00000c80       0x18 ./system/src/cortexm/_initialize_hardware.o
 .debug_ranges  0x00000c98       0x98 ./system/src/cortexm/exception_handlers.o
 .debug_ranges  0x00000d30       0x18 ./system/src/cmsis/system_stm32f4xx.o
 .debug_ranges  0x00000d48       0x10 ./system/src/cmsis/vectors_stm32f405xx.o
 .debug_ranges  0x00000d58       0x18 ./src/MATLAB.o
 .debug_ranges  0x00000d70       0x18 ./src/_initialize_hardware.o
 .debug_ranges  0x00000d88       0x60 ./src/main.o
 .debug_ranges  0x00000de8       0x68 ./src/stm32f4xx_hal_msp.o
 .debug_ranges  0x00000e50       0x80 ./src/stm32f4xx_it.o

.debug_macro    0x00000000    0x17f63
 .debug_macro   0x00000000      0x36e ./system/src/stm32f4-hal/stm32f4xx_hal.o
 .debug_macro   0x0000036e      0x8a4 ./system/src/stm32f4-hal/stm32f4xx_hal.o
 .debug_macro   0x00000c12      0x1b6 ./system/src/stm32f4-hal/stm32f4xx_hal.o
 .debug_macro   0x00000dc8       0x2e ./system/src/stm32f4-hal/stm32f4xx_hal.o
 .debug_macro   0x00000df6       0x28 ./system/src/stm32f4-hal/stm32f4xx_hal.o
 .debug_macro   0x00000e1e      0x34e ./system/src/stm32f4-hal/stm32f4xx_hal.o
 .debug_macro   0x0000116c       0x35 ./system/src/stm32f4-hal/stm32f4xx_hal.o
 .debug_macro   0x000011a1       0x50 ./system/src/stm32f4-hal/stm32f4xx_hal.o
 .debug_macro   0x000011f1      0xe66 ./system/src/stm32f4-hal/stm32f4xx_hal.o
 .debug_macro   0x00002057     0x88fb ./system/src/stm32f4-hal/stm32f4xx_hal.o
 .debug_macro   0x0000a952       0x43 ./system/src/stm32f4-hal/stm32f4xx_hal.o
 .debug_macro   0x0000a995     0x33a6 ./system/src/stm32f4-hal/stm32f4xx_hal.o
 .debug_macro   0x0000dd3b       0x22 ./system/src/stm32f4-hal/stm32f4xx_hal.o
 .debug_macro   0x0000dd5d       0x4c ./system/src/stm32f4-hal/stm32f4xx_hal.o
 .debug_macro   0x0000dda9       0x8d ./system/src/stm32f4-hal/stm32f4xx_hal.o
 .debug_macro   0x0000de36       0x35 ./system/src/stm32f4-hal/stm32f4xx_hal.o
 .debug_macro   0x0000de6b       0x9c ./system/src/stm32f4-hal/stm32f4xx_hal.o
 .debug_macro   0x0000df07       0x16 ./system/src/stm32f4-hal/stm32f4xx_hal.o
 .debug_macro   0x0000df1d       0x4a ./system/src/stm32f4-hal/stm32f4xx_hal.o
 .debug_macro   0x0000df67       0x97 ./system/src/stm32f4-hal/stm32f4xx_hal.o
 .debug_macro   0x0000dffe      0x30d ./system/src/stm32f4-hal/stm32f4xx_hal.o
 .debug_macro   0x0000e30b       0xfd ./system/src/stm32f4-hal/stm32f4xx_hal.o
 .debug_macro   0x0000e408       0x10 ./system/src/stm32f4-hal/stm32f4xx_hal.o
 .debug_macro   0x0000e418       0x52 ./system/src/stm32f4-hal/stm32f4xx_hal.o
 .debug_macro   0x0000e46a       0x1f ./system/src/stm32f4-hal/stm32f4xx_hal.o
 .debug_macro   0x0000e489       0x43 ./system/src/stm32f4-hal/stm32f4xx_hal.o
 .debug_macro   0x0000e4cc       0x20 ./system/src/stm32f4-hal/stm32f4xx_hal.o
 .debug_macro   0x0000e4ec      0x187 ./system/src/stm32f4-hal/stm32f4xx_hal.o
 .debug_macro   0x0000e673       0x10 ./system/src/stm32f4-hal/stm32f4xx_hal.o
 .debug_macro   0x0000e683       0x5e ./system/src/stm32f4-hal/stm32f4xx_hal.o
 .debug_macro   0x0000e6e1       0x1c ./system/src/stm32f4-hal/stm32f4xx_hal.o
 .debug_macro   0x0000e6fd       0x52 ./system/src/stm32f4-hal/stm32f4xx_hal.o
 .debug_macro   0x0000e74f       0x40 ./system/src/stm32f4-hal/stm32f4xx_hal.o
 .debug_macro   0x0000e78f       0x10 ./system/src/stm32f4-hal/stm32f4xx_hal.o
 .debug_macro   0x0000e79f       0x40 ./system/src/stm32f4-hal/stm32f4xx_hal.o
 .debug_macro   0x0000e7df       0xd7 ./system/src/stm32f4-hal/stm32f4xx_hal.o
 .debug_macro   0x0000e8b6       0x16 ./system/src/stm32f4-hal/stm32f4xx_hal.o
 .debug_macro   0x0000e8cc      0x189 ./system/src/stm32f4-hal/stm32f4xx_hal.o
 .debug_macro   0x0000ea55       0x57 ./system/src/stm32f4-hal/stm32f4xx_hal.o
 .debug_macro   0x0000eaac      0x8a0 ./system/src/stm32f4-hal/stm32f4xx_hal.o
 .debug_macro   0x0000f34c      0x9da ./system/src/stm32f4-hal/stm32f4xx_hal.o
 .debug_macro   0x0000fd26      0x11e ./system/src/stm32f4-hal/stm32f4xx_hal.o
 .debug_macro   0x0000fe44      0x130 ./system/src/stm32f4-hal/stm32f4xx_hal.o
 .debug_macro   0x0000ff74       0x27 ./system/src/stm32f4-hal/stm32f4xx_hal.o
 .debug_macro   0x0000ff9b      0x272 ./system/src/stm32f4-hal/stm32f4xx_hal.o
 .debug_macro   0x0001020d       0x5f ./system/src/stm32f4-hal/stm32f4xx_hal.o
 .debug_macro   0x0001026c      0x23a ./system/src/stm32f4-hal/stm32f4xx_hal.o
 .debug_macro   0x000104a6      0x391 ./system/src/stm32f4-hal/stm32f4xx_hal.o
 .debug_macro   0x00010837      0x16f ./system/src/stm32f4-hal/stm32f4xx_hal.o
 .debug_macro   0x000109a6       0xf9 ./system/src/stm32f4-hal/stm32f4xx_hal.o
 .debug_macro   0x00010a9f       0xe6 ./system/src/stm32f4-hal/stm32f4xx_hal.o
 .debug_macro   0x00010b85       0xa1 ./system/src/stm32f4-hal/stm32f4xx_hal.o
 .debug_macro   0x00010c26       0x3c ./system/src/stm32f4-hal/stm32f4xx_hal.o
 .debug_macro   0x00010c62      0x13a ./system/src/stm32f4-hal/stm32f4xx_hal.o
 .debug_macro   0x00010d9c      0x21e ./system/src/stm32f4-hal/stm32f4xx_hal.o
 .debug_macro   0x00010fba       0x2e ./system/src/stm32f4-hal/stm32f4xx_hal.o
 .debug_macro   0x00010fe8      0x11e ./system/src/stm32f4-hal/stm32f4xx_hal.o
 .debug_macro   0x00011106       0x7f ./system/src/stm32f4-hal/stm32f4xx_hal.o
 .debug_macro   0x00011185       0x89 ./system/src/stm32f4-hal/stm32f4xx_hal.o
 .debug_macro   0x0001120e      0x202 ./system/src/stm32f4-hal/stm32f4xx_hal.o
 .debug_macro   0x00011410      0x6d9 ./system/src/stm32f4-hal/stm32f4xx_hal.o
 .debug_macro   0x00011ae9       0x5b ./system/src/stm32f4-hal/stm32f4xx_hal.o
 .debug_macro   0x00011b44      0x14d ./system/src/stm32f4-hal/stm32f4xx_hal.o
 .debug_macro   0x00011c91      0x125 ./system/src/stm32f4-hal/stm32f4xx_hal.o
 .debug_macro   0x00011db6      0x321 ./system/src/stm32f4-hal/stm32f4xx_hal_adc.o
 .debug_macro   0x000120d7      0x320 ./system/src/stm32f4-hal/stm32f4xx_hal_adc_ex.o
 .debug_macro   0x000123f7      0x320 ./system/src/stm32f4-hal/stm32f4xx_hal_cortex.o
 .debug_macro   0x00012717      0x321 ./system/src/stm32f4-hal/stm32f4xx_hal_dac.o
 .debug_macro   0x00012a38      0x320 ./system/src/stm32f4-hal/stm32f4xx_hal_dac_ex.o
 .debug_macro   0x00012d58      0x327 ./system/src/stm32f4-hal/stm32f4xx_hal_dma.o
 .debug_macro   0x0001307f      0x358 ./system/src/stm32f4-hal/stm32f4xx_hal_gpio.o
 .debug_macro   0x000133d7      0x338 ./system/src/stm32f4-hal/stm32f4xx_hal_pwr.o
 .debug_macro   0x0001370f      0x34a ./system/src/stm32f4-hal/stm32f4xx_hal_rcc.o
 .debug_macro   0x00013a59      0x328 ./system/src/stm32f4-hal/stm32f4xx_hal_spi.o
 .debug_macro   0x00013d81      0x321 ./system/src/stm32f4-hal/stm32f4xx_hal_tim.o
 .debug_macro   0x000140a2      0x320 ./system/src/stm32f4-hal/stm32f4xx_hal_tim_ex.o
 .debug_macro   0x000143c2      0x320 ./system/src/stm32f4-hal/stm32f4xx_hal_timebase_tim_template.o
 .debug_macro   0x000146e2      0x19c ./system/src/newlib/_exit.o
 .debug_macro   0x0001487e      0x10e ./system/src/newlib/_exit.o
 .debug_macro   0x0001498c       0x8d ./system/src/newlib/_exit.o
 .debug_macro   0x00014a19       0x35 ./system/src/newlib/_exit.o
 .debug_macro   0x00014a4e      0x151 ./system/src/newlib/_sbrk.o
 .debug_macro   0x00014b9f      0x174 ./system/src/newlib/_sbrk.o
 .debug_macro   0x00014d13       0x10 ./system/src/newlib/_sbrk.o